/tade10@icc2023lisbon.com$/i
/icmcsa2018@gmail.com$/i
/vijaykumarjha2019@gmail.com$/i
/ijta2018@gmail.com$/i
/icmms2018@gmail.com$/i
/info@changebrokers.pt$/i
/mandy@bitcongress.com$/i
/ispindia.journals@gmail.com$/i
/icmms2021@gmail.com$/i
/vijaykumarjha2018@gmail.com$/i
/icebss2021@gmail.com$/i
/cageo@elsevier.com$/i
/info@ieee.am$/i
/info@science-conference.com$/i
/info@conf-support.org$/i
/arun@primeknot.com$/i
/secretariat@cmsim.de$/i
/ijres04@rediffmail.com$/i
/contact@icrtes.org$/i
/bala@eeccmc.org$/i
/mmctse.conf@gmail.com$/i
/inase.editorial@gmail.com$/i
/jnhs.paper02@rediffmail.com$/i
/xrhnhd@sina.com$/i
/conference@icstss.com$/i
/jprsseditor@scitecresearch.com$/i
/phr3@rediffmail.com$/i
/papers@iscconference.org$/i
/two-icamcs@mail.com$/i
/hearingaids@clinicalmedicaljournals.com$/i
/invention001@rediffmail.com$/i
/secretariat@weecnetwork.org$/i
/info@events-science.info$/i
/events@riskscience.co.za$/i
/theijes.paper111@rediffmail.com$/i
/informationsociety@cambridge-energy.org$/i
/ijerd02@rediffmail.com$/i
/submit.ijceronline@rediffmail.com$/i
/editor@ijsei.com$/i
/research-articles@juniperpublishers.org$/i
/cfhhhpn38@vip.163.com$/i
/edward@mail1.interest-soon.com$/i
/ssa30@cspid.org$/i
/banaghe.rdaisuke22@yahoo.com$/i
/renidimirova@yandex.com$/i
/info@theijbmt.com$/i
/plant-biology@magnusscigroup.com$/i
/biostatistics@conferencesmail.com$/i
/biostats@juniperpublishers.us$/i
/secretariat@icmsquare.net$/i
/editor@indusedu.org$/i
/submission@japjournals.co$/i
/indigenousconferences@iinet.net.au$/i
/ftc@saiconference.com$/i
/proteomicsasia@scientificmeet.com$/i
/info.afmj@ijahm.net$/i
/congress2018c@math.tau.ac.il$/i
/sequencing@molecularbiologyjournals.com$/i
/manuscript_invitation@opentransfer.co.cc$/i
/no-reply@springjournals.tk$/i
/call.for.papers@unizen.co$/i
/manuscript_invitation@haroldbromwich.co.cc$/i
/proofreadforme@editsyndicate.com$/i
/julia@mail.pmsconf.org$/i
/pms@a-scie.org$/i
/info.wjrr@gmail.com$/i
/apsac.conference@gmail.com$/i
/roboticsautomation@eursciconevent.com$/i
/journalijcarcallforpaper@gmail.com$/i
/theijes.paper008@rediffmail.com$/i
/iccsie@email.ia-ast.org$/i
/contact@donnishjournals.org$/i
/ijmsi7@rediffmail.com$/i
/ajoias@researchpublication.info$/i
/cpi.ijast@gmail.com$/i
/info@science-event.com$/i
/issue@easjournal.net$/i
/contact@icmae.org.in$/i
/prcv2018@hotmail.com$/i
/ficc@saiconference.com$/i
/info@fsdm2018.org$/i
/submission@ijlemr.com$/i
/mohana@rieece.org$/i
/events@events.theired.org$/i
/wang@icssh.net$/i
/iaaset@email.ia-ast.org$/i
/agrifoodsecurity@networkwithexpert.com$/i
/sictooom@sina.com$/i
/paper.publish03@rediffmail.com$/i
/papercool12@rediffmail.com$/i
/aripd.arms@gmail.com$/i
/journaldata019@rediffmail.com$/i
/icntet@icntet.org$/i
/mcsi.conf@gmail.com$/i
/journal@jmodernchemistry.org$/i
/wireless@meettheglobalexpert.com$/i
/sandy@mail1.among-scientists.com$/i
/plantbiology-2019@magnus-group.org$/i
/info@praiseworthyprize.org$/i
/biostats@lupinepublishers.com$/i
/dataanalytics@conferencesmail.com$/i
/indusjournals@indusedu.org$/i
/inase.events@gmx.com$/i
/r.cazac@lap-publishing.com$/i
/research@jyotiacademic.net$/i
/cfp-spring@mail.iiisconf2019.org$/i
/biostats@juniperpublishers.com$/i
/kostas.chiotopoulos@gmail.com$/i
/submit@scientificadvances.in$/i
/subdata53@rediffmail.com$/i
/robotics@lupinepublishers.us$/i
/disp.oxford@gmail.com$/i
/service@ajmcs.org$/i
/conference@thesai.org$/i
/biostatistics@gavinpublishersusa.com$/i
/fsdm@fsdmconf.org$/i
/jcsr@bilpublishing.com$/i
/submit@sciepub.com$/i
/eceic@eceic.org.in$/i
/cfp@inait-event.host$/i
/editor@ajwse.org$/i
/mmctse.2019conf@mail.com$/i
/editorial@bentham-ebmemberships.com$/i
/fairpublish@daum.net$/i
/submission@scientificadvancesjournals.org$/i
/submit@ajenv.org$/i
/biostats@lupinepublishers.org$/i
/journals.editor@daum.net$/i
/editor@bmbjournal.org$/i
/paper@ajpsy.org$/i
/editor@healthsciencesresearch.org$/i
/contact@ijlera.com$/i
/contact@ijmrem.com$/i
/intellisys@saiconference.com$/i
/support@ijrerd.com$/i
/conference_group@163.com$/i
/biostats@juniperpublishers.co$/i
/paper@ijsdr.net$/i
/stmjournals@stmjournals.info$/i
/ishaanmas201701@outlook.com$/i
/issue@modenergy.org$/i
/bigdata@lifescience.events$/i
/informationramr@supportijramr.co$/i
/datamining@meettheglobalexpert.com$/i
/editor.ijsmbr@cmspublishers.com$/i
/editor.sciencedomain99@gmail.com$/i
/nadyacolumbus@novapublishers.com$/i
/ina663@mail1.cherish-cook.com$/i
/editor@ajmaterials.org$/i
/submit@bsijournal.org$/i
/indusjournal@indusedu.org$/i
/editor@ajentomology.org$/i
/gong@mr.pmsconf.org$/i
/article@apjchem.org$/i
/biostats@juniperpublishers.org$/i
/plantscience@auroraconferences.org$/i
/oalib@jkofw.org$/i
/iccairo2019@protonmail.com$/i
/info.rajar@ijahm.net$/i
/dhabarsi@gmail.com$/i
/mechanicalandaerospace@eursciconevent.com$/i
/journalijcar2014@gmail.com$/i
/service@ijcmr.org$/i
/datascience@coalesceconferences.com$/i
/ijsp@ccsenet.org$/i
/cfp-summer@mail.iiisconference2019.org$/i
/plantscience@irisscientificgroup.org$/i
/meeting@isdsa.org$/i
/pidleteychukn85@gmail.com$/i
/reply@ephjournal.com$/i
/issue@mlrjournal.org$/i
/cpi.aijcr@gmail.comg$/i
/datamining@coalesceconferences.com$/i
/agri@networkwithexpert.com$/i
/cscc.conf@gmail.com$/i
/iccsieconf@163.com$/i
/plantscience@magnus-group.org$/i
/submission@jmodernchemistry.org$/i
/buffchief.revie@daum.net$/i
/daisy@mr.icmeie.com$/i
/impacthead.impa@daum.net$/i
/biostatistics@irispublishers.net$/i
/biostats@juniperpublisher.org$/i
/bioenergy@networkwithexpert.com$/i
/papers@ijbse.org$/i
/editor.jigc@esciencejournal.com$/i
/admin@sojampublish.org$/i
/aripd.combined@gmail.com$/i
/beatrice.taulegne@cor.europa.eu$/i
/rena.nik.politi@hotmail.com$/i
/itise_cfp@itise.org$/i
/rajar@rajournals.in$/i
/support@ijlret.com$/i
/emailjournals@thieme.com$/i
/editorialboard@clinicalmed.org$/i
/info@drugdisc-conf.net$/i
/editor@ijmrem.com$/i
/editorial@innovationscorrmatsci.net$/i
/mnbghcx@vip.163.com$/i
/papersubmit@researchpublications.co$/i
/editorial@ebookseries-pharmacology.net$/i
/publish_pubs96@excite.com$/i
/nursing@scientificresearch.co$/i
/editorialboard@educationjournal.net$/i
/cherylford@sciinvitation.com$/i
/fsdmconf2@126.com$/i
/office93publish@excite.com$/i
/biometrics@onomyresearch.org$/i
/submission@journaloflanguage.org$/i
/noreply@conf-support.org$/i
/info@editorial-benthamsci.com$/i
/review@am.aiipcc.org$/i
/editorial@micro-rna.net$/i
/belinda1@wcimmun-2019.com$/i
/paper@ijphmchem.org$/i
/biostats@lupinejournals.org$/i
/agriculture@magnusmeetings.com$/i
/cfp-spring@mail.iiisconf2020.org$/i
/sdgsummit@conference-csd.org$/i
/editor@ijsspe.org$/i
/info@ijeert.com$/i
/bestjournal45@rambler.ru$/i
/paperchief@yeah.net$/i
/ijmret.asia1@gmail.com$/i
/editor@astronomyjournal.org$/i
/biostatistics@irisresearch.us$/i
/oabb@crimsonpublishers.net$/i
/through6year@net.hr$/i
/editorial@ebook-science.net$/i
/editorial@proteinpeptlett.net$/i
/support@icict.co.uk$/i
/submission@jhealthresearch.org$/i
/oxford@sci.scientific-direct.net$/i
/cool96good@freemail.hu$/i
/conf@icammce2020.org$/i
/wseas-team@wseas.org$/i
/wseas.transactions@gmail.com$/i
/editorialboard@animalvetsci.org$/i
/weeklyreview@iknowfirst-ai.com$/i
/mmtcse@outlook.com$/i
/info@cscc.co$/i
/agriculture@magnusgroupllc.com$/i
/angelia03@wctbcongress2020.com$/i
/info@sci-events.org$/i
/ultimatestres002@all.bg$/i
/macise2020@outlook.com$/i
/jmsa@sajcfp.info$/i
/xpertgreat.jour@daum.net$/i
/biostats@junipersciences.org$/i
/wcbddmcc2020@conferencesera.com$/i
/editor@journalijar.com$/i
/journal@opticsphotonics.org$/i
/nanotechnology@czechiacongress.com$/i
/furqanali241@gmail.com$/i
/scml@icscml.org$/i
/zoe.michel@alphabank.gr$/i
/info@editorial-peer-review.net$/i
/editor@everant.org$/i
/agriculture@biocorejapan.info$/i
/editorial@currentchinesecomputerscience.net$/i
/liam1122james@outlook.com$/i
/editor@ajere.net$/i
/yang@mr.csaeconf.org$/i
/issue@ijhep.org$/i
/hodca@meu.edu.in$/i
/bigdata@insightsconferences.com$/i
/foodscience@biocorejapan.info$/i
/materialsscience@czechiacongress.com$/i
/biostats@juniperpublishers-nl.org$/i
/editorialboard@ijecs.org$/i
/iph201701@outlook.com$/i
/chemistrycongress@biocoreitaly.info$/i
/chiefauthor@computerresearch.org$/i
/member@clinicalmed.org$/i
/invitation@confcfp.org$/i
/drugdesigning@scientificresearch.co$/i
/editor@sciencexcel.info$/i
/factor.most152@rambler.ru$/i
/rassiindex@rambler.ru$/i
/editorial@openartificialintelligencej.net$/i
/editor@awcnjournal.org$/i
/plantscience@scietechinternational.biz$/i
/band.with76@all.bg$/i
/dr.leonid.aronov@finviz.com$/i
/dent.speed180@all.bg$/i
/support@worlds4.co.uk$/i
/inase.e-conferences@inase.org$/i
/editorialboard@ajphyschem.org$/i
/icpem@icpem.cn$/i
/biostats@lupinepublisher.co$/i
/bestindex35407@excite.com$/i
/editorial@openartificialintelligencejournal.net$/i
/vaccines@magnusgroupllc.com$/i
/stevesmith.phd@hotmail.com$/i
/mary10_shelley@yahoo.com$/i
/aparna.ayyar@editage.com$/i
/dr.bianca@vip.163.com$/i
/mandy14@gastrointestinalconference2019.com$/i
/robertlee@oatjournals.com$/i
/judy06@cmcb2020.com$/i
/info@drugdiscoveryconference.net$/i
/anders@mail4.orchid-bean.com$/i
/editorial@ccs-artificial-intell.net$/i
/info@machinelearningconf.org$/i
/editor@artile-publish.in$/i
/ijnme@biocoregroup.info$/i
/editorial@curentchinesecomputersciencejournal.net$/i
/jocelyn.h@ijefms.org$/i
/journals@mandsauruniversity.edu.in$/i
/info@mcsi-conf.org$/i
/article@ajist.org$/i
/editor@journalsforu.com$/i
/williams@jphysics.org$/i
/issue@jbed.org$/i
/submission@ijarem.org$/i
/q@aff3.online$/i
/editor@articleuk.com$/i
/hodges@acmjournal.org$/i
/csma@ectaprm.com$/i
/acc@ngapor.com$/i
/editor@journalsarticles.com$/i
/khloe@applscires.com$/i
/cathy2020@vip.163.com$/i
/submitpaper@fictiveinfo.com$/i
/ma.naidu@mipmandsaur.org$/i
/aina03@wcc2020-congress.com$/i
/cfp-spring@2021conf-iiis.org$/i
/dr.g.petrakis@polito.it$/i
/email@amegroups.net$/i
/editor@apjcm.org$/i
/editor.journal27@gmail.com$/i
/selected-conferences-2020@simplywall.st$/i
/medicalsciences@lupinejournals.co$/i
/shaneela.khowaja@rjguzman.xeetsea.cn$/i
/ijdoh@biocoregroup.info$/i
/submit@epe-conf.org$/i
/editor@clinicalopenaccess.com$/i
/secretar@cmsim.de$/i
/isaifulbd728@gmail.com$/i
/editor@journalofppa.org$/i
/info@mc.pmsconf.org$/i
/jamc@cutablw.com$/i
/conference@istes.org$/i
/papersubmit@publicationresearch.com$/i
/ezra_aripd034@outlook.com$/i
/adam865210@outlook.com$/i
/r.mijanurr@yahoo.com$/i
/lenae.williams@callfor-articles.com$/i
/hadley@chemicaleng.org$/i
/noreply@hostinggraph.com$/i
/info@operatech.website$/i
/delilah@scienceres.org$/i
/albert@sjofs.org$/i
/vijayjha130@icloud.com$/i
/mitropoulos@clinicalmedicinej.org$/i
/bit7724@bitcongress.cn$/i
/li.qiang69@mail2.ivory-pomelo.com$/i
/editorial@openornithologyjournal.net$/i
/vijaykumarjha2014@gmail.com$/i
/biostats@juniperepublishers.org$/i
/secretar@cmsim1.org$/i
/noreply@mailzbox.com$/i
/arfbooks@icloud.com$/i
/info@interbit-research.com$/i
/machinelearning@averevents.org$/i
/icmece@ecerg.com$/i
/simon@ijoass.com$/i
/noreply@bankmitrabcapply.in$/i
/vicky-wcc@eventcomittee.com$/i
/catherine.b.thome@gmail.com$/i
/jamc@iitast.com$/i
/chaturvedi@healthj.org$/i
/info@electicbuzz.com$/i
/support@ijlrem.org$/i
/csma@etkiler.com$/i
/theijes@submitmails.com$/i
/alaa.hameed@izu.edu.tr$/i
/submitted@interpublication.org$/i
/postmaster@reco.aminer.org$/i
/biostatistics@irispublishers-nl.net$/i
/jcc@kindlc.com$/i
/abigail@ijoaos.com$/i
/vijaykumarjha2018@gmail.com$/i
/jeanwang@sjoams.com$/i
/news@sci.city$/i
/info@international-event-experts.net$/i
/submit@2nd-cciis.org$/i
/weecnetwork@gmail.co$/i
/mvicky01@wcc2021-congress.com$/i
/drugdesigning@biomedicalresearch.net$/i
/office@techniumscience.org$/i
/info@engw.org$/i
/vidhipal@publishijoest.com$/i
/iiict2018@uob.edu.bh$/i
/robotics@irissciences.org$/i
/nar7@aimspress7.com$/i
/editorial@office.the-innovation.org$/i
/editor.ijta@gmail.com$/i
/contact@wcna2021.org$/i
/iceet@projenia.net$/i
/editor.ijaims@gmail.com$/i
/ogilvie@mail1.indigo-loquat.com$/i
/support@iosrjournals.info$/i
/sendpapers@journalresearch.org$/i
/helmut@sjofbio.org$/i
/maria.managing.editor@gmail.com$/i
/vijaykumarjha2019@gmail.com$/i
/ford@biochembio.org$/i
/catherine.b.thome@marketwatch.com$/i
/ijta2018@gmail.com$/i
/plant@magnusgroupevents.com$/i
/casestudies@biomedgrid.org$/i
/alex@icbmeconf.com$/i
/jmsa@sciadvent.online$/i
/mailer@conferencesengage.org$/i
/cfp-spring@2022conf-iiis.org$/i
/artificial_intelligence@oajaiml.onmicrosoft.com$/i
/vicky13@wcc2021-conference.com$/i
/ijaem.ad@gmail.com$/i
/hello@info.researcher.life$/i
/service@mail.ia-ast.cn$/i
/brinley@mail4.green-watermelon.com$/i
/cfp-spring@mail2.2022iiisconferences.org$/i
/jcc@rrifie.com$/i
/drjohn.k.phili@gmail.com$/i
/iain@sjofee.org$/i
/ijeb2011@gmail.com$/i
/mailer@conferencesmail.com$/i
/agri@magcongress.com$/i
/miya@iccesconf.org$/i
/vaccines@mgconferences.net$/i
/elizabeth@jofmhc.com$/i
/chloe@ijoamtp.com$/i
/highqualityarticles@mmctse.org$/i
/support@inase.org$/i
/plantbiology@magnusmeets.com$/i
/wolfe@ijmedimag.org$/i
/ishaanams201701@outlook.com$/i
/ijeb2009@gmail.com$/i
/mbe1@aimspress2.com$/i
/support@iosrmails.org$/i
/jaist@scimedresearchmail.biz$/i
/service@openaccessj.com$/i
/kate@plantj.org$/i
/ijdoh@biocoreopen.info$/i
/vijay.arjindia@gmail.com$/i
/computersci@peerjournal.org$/i
/brady@pamath.org$/i
/ellis@jfoodnutrition.com$/i
/emma3@awcc2021cancercon.com$/i
/icmms2018@gmail.com$/i
/francesca@grvx.com$/i
/icapms2021@sina.com$/i
/cfp-summer@mail1.2022iiisconferences.org$/i
/announcement@elimianta.club$/i
/zoe.michel@revolut.com$/i
/helene@mail1.thursday-supermarket.com$/i
/information@pubresearch.co$/i
/jcc@gnifica.com$/i
/vicky22@wcc2021-meeting.com$/i
/aravjournals@gmail.com$/i
/vijaykumarjha1977@gmail.com$/i
/ijecer.org@gmail.com$/i
/icaber2018@gmail.com$/i
/trilby@mail4.season-airport.com$/i
/lorelei@mail4.april-office.com$/i
/ijta2017@gmail.com$/i
/ijres@editormails.com$/i
/vaccines@magnus-conferences.net$/i
/cfp-summer@2022conf-iiis.org$/i
/2022@ecres.net$/i
/antonina@mail5.january-bus.com$/i
/editor@ijrerd.com$/i
/info@max-mundo.com$/i
/ms.editor@horizon-publishing.org$/i
/editor@ijlera.com$/i
/editor@reviewmanuscript.biz$/i
/submissions@scimedopenaccess.biz$/i
/globalresearchpublications@gmail.com$/i
/noreply@point4web.com$/i
/ijesi@invmails.com$/i
/info@icecet.com$/i
/office@kelsiehansonmail.com$/i
/vicky5@cancer-meeting2021.com$/i
/anna.papadimitriou@missouristate.edu$/i
/support@wseas.org$/i
/padraigin@mail5.december-bar.com$/i
/info@emailprada.com$/i
/info@iceccme.com$/i
/paperssub@oldacademic.org$/i
/zoe.michel@zohocorp.com$/i
/info@mcropenaccess.live$/i
/addilynfrances201@outlook.com$/i
/editor.aripd@gmail.com$/i
/niki04@wcc2021-meeting.com$/i
/dr.g.petrakis@gmail.com$/i
/info@thebudgetmarketing.com$/i
/ijerd@editormails.com$/i
/luciano.simoni2@mail.ing.unibo.it$/i
/editorial@wiser-pub.com$/i
/editor-dmt@universalwiser.co$/i
/peppi@mail2.purple-grape.com$/i
/annabella@mail3.october-library.com$/i
/jcc@narrayo.com$/i
/drjohn.k.phili@inail.it$/i
/inase.editorial@univ-lille1.fr$/i
/editor-dmt@universalwiser.com$/i
/mandya@biosummit2023.com$/i
/mandy@bitcongress.com$/i
/support@ict4sd.org$/i
/anna.papadimitriou@hna.gr$/i
/25th.ieee.cscc.com@cs.ntua.gr$/i
/kostas.chiotopoulos@med.uoa.gr$/i
/sendarticles@puvresjou.org$/i
/lilyy5@cancercon-2023meeting.com$/i
/editor@sciadventstudyhub.biz$/i
/submissions@scholaropenpub.biz$/i
/editor@researchinterests.biz$/i
/submissions@scholarjrnlinsight.biz$/i
/vaccines@sci-meetings.com$/i
/lee@info.shiyuanchuban.net$/i
/3391594004@qq.com$/i
/editorial@currentcardiologyreviews.net$/i
/icmece@ecres.net$/i
/info@wseas.org$/i
/niki01@awcc-2023cancercon.com$/i
/ioannis.f.makariou@mcsi-conf.org$/i
/michellesnow@callfor-papers.com$/i
/submission@sciepub.com$/i
/manuscript@englishpublishers.ml$/i
/contact@oakfortressproofreading.com$/i
/vijaykumarjha2017@gmail.com$/i
/cfp@uob.edu.bh$/i
/emme3@awcc2021cancercon.com$/i
/internationalsciencespress@gmail.com$/i
/iceet2022@gmail.com$/i
/bionics@medcraveonline.org$/i
/noreply@hostbycenter.com$/i
/ijhssi@invmails.com$/i
/sophiea4@cancer-meeting2022.com$/i
/info@ictcs.in$/i
/cecnet@cecnetconf.org$/i
/info@jet.nexonjet.com$/i
/ijera.ad@gmail.com$/i
/ashleyrobinson@callfor-papers.com$/i
/icaber2016@gmail.com$/i
/ijta2022@gmail.com$/i
/info@webz.webhoxton.com$/i
/ajer@editormails.com$/i
/jcc@elpfuly.com$/i
/service@oa-journals.com$/i
/sophiea2@cancer-meeting.com$/i
/soliman@unicompass.org$/i
/mastorakis4567@gmail.com$/i
/noreply@diwaligifts05.online$/i
/ijmer@submitmails.com$/i
/ieee.proceedings@cscc.co$/i
/noreply@webhoxton.com$/i
/ijei@editormails.com$/i
/vijaykumarjha2020@gmail.com$/i
/lucybb4@pepcon-congress2021.com$/i
/editor@scioascholarjrnlres.biz$/i
/submissions@sciresmedmailres.biz$/i
/noreply@growdigitalcamp.com$/i
/ijpera@editorboard.com$/i
/events@confsummitseries.biz$/i
/newsletter@magnusevents.biz$/i
/editor@resoascholarpublishres.biz$/i
/noreply@digitalmarketingcareers.org$/i
/events@innovativedelegates.biz$/i
/vaccines@magnusevents.biz$/i
/info@ecres.net$/i
/noreply@productvideoat99.online$/i
/ijhssmpaper.ad@gmail.com$/i
/drpooja020@gmail.com$/i
/lucyb1@pepcon-congress2021.com$/i
/icebm2017@gmail.com$/i
/ashleywalker@callfor-papers.com$/i
/csma@akeniz.com$/i
/wsconf5@163.com$/i
/cfp-spring@2023conf-iiis.org$/i
/tade10@wcc2023-conference.com$/i
/icens0606@gmail.com$/i
/info@icens.eu$/i
/abigailrossi55@yahoo.it$/i
/youreinvited@herpagreenn.cloud$/i
/clairebella39@hotmail.com$/i
/manpreetkohli97@outlook.com$/i
/capitalfinanceloanptyltd@gmail.com$/i
/wolfigustur7@outlook.com$/i
/tallaialphans@outlook.com$/i
/yinyu@tijomega.com$/i
/drdchmoh0001@aol.com$/i
/drdchmoh0007@gmail.com$/i
/manishakumari90362@gmail.com$/i
/robert.johnson6352@gmail.com$/i
/richrey4567@gmail.com$/i
/rajesh@auction.io$/i
/seanmaxit@outlook.com$/i
/abigail.rogers@tkxel.software$/i
/bigqeretail@gmail.com$/i
/hpns@nyao.ovh$/i
/gonyeranitra128@gmail.com$/i
/celiafreed857@gmail.com$/i
/herrickbutch5600@gmail.com$/i
/jared@ebizio.com$/i
/fendi.qymarket@vip.163.com$/i
/mobileappsservices4871@aol.com$/i
/thura2929@googlemail.com$/i
/thuylien7982@gmail.com$/i
/jason.herrick6341@gmail.com$/i
/big.qeretail@gmail.com$/i
/james.baker@avogtal-usa.online$/i
/stephanie.qeretail@gmail.com$/i
/sanjeev.co123@aol.com$/i
/google_eeg_crime@nyao.ovh$/i
/digitalagencyno1@outlook.com$/i
/henrypeterson6644@gmail.com$/i
/hukamsharma2654@gmail.com$/i
/xuguangqi89@gmail.com$/i
/alxendergustova@gmail.com$/i
/marketing@leadstree.org$/i
/skbxz3540@email.cn$/i
/charleskoch@citromail.hu$/i
/solaristercume@aol.com$/i
/servus_ceviri_5254@outlook.com$/i
/3306827669@qq.com$/i
/ecezzuyoe@tongole.com$/i
/mazamaesoawi@gmail.com$/i
/wwworabankcomr@gmail.com$/i
/atyiodikezir@gmail.com$/i
/hcmavan@gmail.com$/i
/hoathuytien173@gmail.com$/i
/webmarketing.net15@mail.ru$/i
/web.creative99@gmail.com$/i
/tonercartucceshop@gmail.com$/i
/ngocqui2771990@gmail.com$/i
/bubokova@centrum.cz$/i
/cugepbisa@gmail.com$/i
/spaceman@manalichemicals.cam$/i
/tranquocvietda09tt1990@gmail.com$/i
/archishwebmanager@hotmail.com$/i
/rw6series@gmail.com$/i
/guruinfoways90@gmail.com$/i
/borba@fastwebnet.it$/i
/emark2018@tiscali.it$/i
/consultmarche@gmail.com$/i
/emilyhughes.0k@hotmail.com$/i
/qualidefender2020@gmail.com$/i
/menicocci.mauxa@gmail.com$/i
/nikulonlineservice@outlook.com$/i
/fromitalie@gmail.com$/i
/donate5225@gmail.com$/i
/susanjones77u@gmail.com$/i
/sales@havensy-hhw.com$/i
/pandolwe@gmail.com$/i
/satyabanseoconsultant01@gmail.com$/i
/huong4s1604@gmail.com$/i
/donnatroisiq@outlook.com$/i
/janavery908zm@hotmail.com$/i
/misshuongvippro@gmail.com$/i
/davidepetrella.mida@gmail.com$/i
/vetrineartigiani@gmail.com$/i
/thomasmontag8@gmail.com$/i
/chikyujin2019@gmail.com$/i
/thuhabinbon@gmail.com$/i
/nirmala.rathi2001@outlook.com$/i
/compatibilirigenerati@gmail.com$/i
/iltuonuovoeshop@gmail.com$/i
/officialnine10@outlook.com$/i
/cerfun@aol.com$/i
/info654609@gmail.com$/i
/tranthihien36k15.2@gmail.com$/i
/caybang.cl@gmail.com$/i
/augustoukr1@gmail.com/i
/kendzkiecanares8391@gmail.com/i
/ashtonshropshire87@gmail.com/i
/askerova2002@gmail.com/i
/jamilyob830@gmail.com$/i
/hoathuytien173@gmail.com$/i
/webmarketing.net15@mail.ru$/i
/web.creative99@gmail.com$/i
/tonercartucceshop@gmail.com$/i
/ngocqui2771990@gmail.com$/i
/bubokova@centrum.cz$/i
/cugepbisa@gmail.com$/i
/tranquocvietda09tt1990@gmail.com$/i
/davidsmithff@outlook.com/i
/rw6series@gmail.com$/i
/guruinfoways90@gmail.com$/i
/borba@fastwebnet.it$/i
/emark2018@tiscali.it$/i
/consultmarche@gmail.com$/i
/menicocci.mauxa@gmail.com$/i
/enyadercy88@hotmail.com$/i
/kennedyggreen@outlook.com/i
/kurtisonlineservice@outlook.com$/i
/webappsdesingn.53@yahoo.com$/i
/info.web.nic145@gmail.com$/i
/fromitalie@gmail.com$/i
/kevindavisk02@gmail.com$/i
/pandolwe@gmail.com$/i
/satyabanseoconsultant01@gmail.com$/i
/huong4s1604@gmail.com$/i
/misshuongvippro@gmail.com$/i
/davidepetrella.mida@gmail.com$/i
/vetrineartigiani@gmail.com$/i
/thomasmontag8@gmail.com$/i
/chikyujin2019@gmail.com$/i
/ezvxsopl@clinicadamas.pt$/i
/thuhabinbon@gmail.com$/i
/compatibilirigenerati@gmail.com$/i
/iltuonuovoeshop@gmail.com$/i
/officialnine10@outlook.com$/i
/lily654smith@hotmail.com$/i
/marketing@acieu.net$/i
/cerfun@aol.com$/i
/info654609@gmail.com$/i
/oscarfields9@hotmail.com$/i
/sendblaster@fordemand.ntz.pt$/i
/marketing@fordemand.com$/i
/qualidefender2020@gmail.com$/i
/amirsyedq@outlook.com$/i
/nidhi.kumari@outlook.in$/i
/sally@camedia.us$/i
/haylie1affiweb@outlook.com$/i
/janeanharold@gmail.com$/i
/lisa55bely@hotmail.com$/i
/tranthihien36k15.2@gmail.com$/i
/caybang.cl@gmail.com$/i
/arqcoop@gmail.com$/i
/kartikwebmanager@outlook.com$/i
/joespeters@gmail.com$/i
/michealpeterss101@gmail.com$/i
/onlinemarketingonsultant1@hotmail.com$/i
/jamilyob830@gmail.com$/i
/brandonstewart.15@hotmail.com$/i
/hhfuk9@gmail.com$/i
/guillarmo.posthac@gmail.com$/i
/carlimarcello92@gmail.com$/i
/dhlexpressdeliveryservices2@gmail.com/i
/worldwidedhldeliverycompany6@gmail.com/i
/thomaswilliams2334@gmail.com$/i
/djarassoba@gmail.com$/i
/direzion.polizia05@gmail.com$/i
/lena111111111@inbox.ru$/i
/margot12glover@hotmail.com$/i
/ultistik@filamentone.com$/i
/www-data@ig.com.br$/i
/daveonlineservice@outlook.com$/i
/hcmavan@gmail.com$/i
/chungzhao2014@gmail.com$/i
/wine2help@gmail.com$/i
/infos.poliziadistato@gmail.com$/i
/wabisco05@gmail.com$/i
/bennyaerth@gmail.com$/i
/lixodeploravel@hotmail.com$/i
/charmiletrasnews@gmail.com$/i
/vladislavvladimir02@gmail.com$/i
/chungzhao2014@gmail.com$/i
/ezcertificazioni47@gmail.com$/i
/elisabetta-zanasi@libero.it$/i
/montgomerygordon86@gmail.com$/i
/lixodeploravel@hotmail.com$/i
/nguyenvanke2757@gmail.com$/i
/himanshuagrawal1234ha@outlook.com$/i
/mmohammadaljllilati@gmail.com$/i
/clickbank.contactus@gmail.com$/i
/krtatbeasi@gmail.com$/i
/minaltools@yahoo.co.in$/i
/saqibaliraza001@gmail.com$/i
/raghvendrasolutionservice@hotmail.com$/i
/jodimaldonado823@gmail.com$/i
/noahadam405@gmail.com$/i
/portalidelturista@gmail.com$/i
/civil777@atacom.com.sa$/i
/marketing@superclean.pt$/i
/joanacferreira.98@gmail.com$/i
/newsletter@kasuar.pt$/i
/tanawan@kpinnovation.com$/i
/evyee@513116.cloudwaysapps.com$/i
/leads.ecreditminer.com$/i
/onlinewritingjobs@divewild.ru.com$/i
/cross@cluehang.sa.com$/i
/vip@vip.hendersun.com$/i
/bloodsugarformula@beerslam.ru.com$/i
/support@mails.erectgist.co$/i
/edgarwallis@mudlend.sa.com$/i
/contato21425@sac10.atualacessoria.online$/i
/atendimento@internet-e-mail.com$/i
/newslettre@mryntoniafairly.com$/i
/info@jamesspokes.click$/i
/support@highchin.sa.com$/i
/train@airpass.sa.com$/i
/flood@feecoma.sa.com$/i
/onlinewritingjobs@lambcase.sa.com$/i
/prostate911@holdrare.ru.com$/i
/fredathens@intelliwave.com$/i
/contact@intiregzite.click$/i
/support@ledgenshave.click$/i
/info@cutrow.sa.com$/i
/train@exittie.ru.com$/i
/rifle@exittie.ru.com$/i
/prostate911@takelive.sa.com$/i
/support@takelive.sa.com$/i
/natural@livenode.sa.com$/i
/libby@livenode.sa.com$/i
/spoil@painreal.ru.com$/i
/mentemestra.pt@gmail.com$/i
/serasa@novidades.serasa.com.br$/i
/info@jamesspokes.click$/i
/siege@painreal.ru.com$/i
/szyansen@gmail.com$/i
/josediogopereira@outlook.pt$/i
/servem@yahoo.com.br$/i
/support@hardold.sa.com$/i
/alexandertaylor649y@hotmail.com$/i
