/abigailrossi55@yahoo.it$/i
/clairebella39@hotmail.com$/i
/manpreetkohli97@outlook.com$/i
/capitalfinanceloanptyltd@gmail.com$/i
/yinyu@tijomega.com$/i
/drdchmoh0001@aol.com$/i
/drdchmoh0007@gmail.com$/i
/manishakumari90362@gmail.com$/i
/robert.johnson6352@gmail.com$/i
/richrey4567@gmail.com$/i
/rajesh@auction.io$/i
/seanmaxit@outlook.com$/i
/abigail.rogers@tkxel.software$/i
/bigqeretail@gmail.com$/i
/hpns@nyao.ovh$/i
/gonyeranitra128@gmail.com$/i
/celiafreed857@gmail.com$/i
/herrickbutch5600@gmail.com$/i
/jared@ebizio.com$/i
/fendi.qymarket@vip.163.com$/i
/mobileappsservices4871@aol.com$/i
/thura2929@googlemail.com$/i
/thuylien7982@gmail.com$/i
/jason.herrick6341@gmail.com$/i
/big.qeretail@gmail.com$/i
/james.baker@avogtal-usa.online$/i
/stephanie.qeretail@gmail.com$/i
/sanjeev.co123@aol.com$/i
/google_eeg_crime@nyao.ovh$/i
/digitalagencyno1@outlook.com$/i
/henrypeterson6644@gmail.com$/i
/hukamsharma2654@gmail.com$/i
/xuguangqi89@gmail.com$/i
/alxendergustova@gmail.com$/i
/marketing@leadstree.org$/i
/skbxz3540@email.cn$/i
/charleskoch@citromail.hu$/i
/solaristercume@aol.com$/i
/servus_ceviri_5254@outlook.com$/i
/3306827669@qq.com$/i
/ecezzuyoe@tongole.com$/i
/mazamaesoawi@gmail.com$/i
/wwworabankcomr@gmail.com$/i
/atyiodikezir@gmail.com$/i
/hcmavan@gmail.com$/i
/hoathuytien173@gmail.com$/i
/webmarketing.net15@mail.ru$/i
/web.creative99@gmail.com$/i
/tonercartucceshop@gmail.com$/i
/ngocqui2771990@gmail.com$/i
/bubokova@centrum.cz$/i
/cugepbisa@gmail.com$/i
/spaceman@manalichemicals.cam$/i
/tranquocvietda09tt1990@gmail.com$/i
/archishwebmanager@hotmail.com$/i
/rw6series@gmail.com$/i
/guruinfoways90@gmail.com$/i
/borba@fastwebnet.it$/i
/emark2018@tiscali.it$/i
/consultmarche@gmail.com$/i
/emilyhughes.0k@hotmail.com$/i
/qualidefender2020@gmail.com$/i
/menicocci.mauxa@gmail.com$/i
/nikulonlineservice@outlook.com$/i
/fromitalie@gmail.com$/i
/donate5225@gmail.com$/i
/susanjones77u@gmail.com$/i
/sales@havensy-hhw.com$/i
/pandolwe@gmail.com$/i
/satyabanseoconsultant01@gmail.com$/i
/huong4s1604@gmail.com$/i
/donnatroisiq@outlook.com$/i
/janavery908zm@hotmail.com$/i
/misshuongvippro@gmail.com$/i
/davidepetrella.mida@gmail.com$/i
/vetrineartigiani@gmail.com$/i
/thomasmontag8@gmail.com$/i
/chikyujin2019@gmail.com$/i
/thuhabinbon@gmail.com$/i
/nirmala.rathi2001@outlook.com$/i
/compatibilirigenerati@gmail.com$/i
/iltuonuovoeshop@gmail.com$/i
/officialnine10@outlook.com$/i
/cerfun@aol.com$/i
/info654609@gmail.com$/i
/tranthihien36k15.2@gmail.com$/i
/caybang.cl@gmail.com$/i
/augustoukr1@gmail.com/i
/kendzkiecanares8391@gmail.com/i
/ashtonshropshire87@gmail.com/i
/askerova2002@gmail.com/i
/jamilyob830@gmail.com$/i
/hoathuytien173@gmail.com$/i
/webmarketing.net15@mail.ru$/i
/web.creative99@gmail.com$/i
/tonercartucceshop@gmail.com$/i
/ngocqui2771990@gmail.com$/i
/bubokova@centrum.cz$/i
/cugepbisa@gmail.com$/i
/tranquocvietda09tt1990@gmail.com$/i
/davidsmithff@outlook.com/i
/rw6series@gmail.com$/i
/guruinfoways90@gmail.com$/i
/borba@fastwebnet.it$/i
/emark2018@tiscali.it$/i
/consultmarche@gmail.com$/i
/menicocci.mauxa@gmail.com$/i
/enyadercy88@hotmail.com$/i
/kennedyggreen@outlook.com/i
/kurtisonlineservice@outlook.com$/i
/webappsdesingn.53@yahoo.com$/i
/info.web.nic145@gmail.com$/i
/fromitalie@gmail.com$/i
/kevindavisk02@gmail.com$/i
/pandolwe@gmail.com$/i
/satyabanseoconsultant01@gmail.com$/i
/huong4s1604@gmail.com$/i
/misshuongvippro@gmail.com$/i
/davidepetrella.mida@gmail.com$/i
/vetrineartigiani@gmail.com$/i
/thomasmontag8@gmail.com$/i
/chikyujin2019@gmail.com$/i
/ezvxsopl@clinicadamas.pt$/i
/thuhabinbon@gmail.com$/i
/compatibilirigenerati@gmail.com$/i
/iltuonuovoeshop@gmail.com$/i
/officialnine10@outlook.com$/i
/lily654smith@hotmail.com$/i
/marketing@acieu.net$/i
/cerfun@aol.com$/i
/info654609@gmail.com$/i
/oscarfields9@hotmail.com$/i
/sendblaster@fordemand.ntz.pt$/i
/marketing@fordemand.com$/i
/qualidefender2020@gmail.com$/i
/amirsyedq@outlook.com$/i
/nidhi.kumari@outlook.in$/i
/sally@camedia.us$/i
/haylie1affiweb@outlook.com$/i
/janeanharold@gmail.com$/i
/lisa55bely@hotmail.com$/i
/tranthihien36k15.2@gmail.com$/i
/caybang.cl@gmail.com$/i
/arqcoop@gmail.com$/i
/kartikwebmanager@outlook.com$/i
/joespeters@gmail.com$/i
/michealpeterss101@gmail.com$/i
/onlinemarketingonsultant1@hotmail.com$/i
/jamilyob830@gmail.com$/i
/brandonstewart.15@hotmail.com$/i
/hhfuk9@gmail.com$/i
/guillarmo.posthac@gmail.com$/i
/carlimarcello92@gmail.com$/i
/dhlexpressdeliveryservices2@gmail.com/i
/worldwidedhldeliverycompany6@gmail.com/i
/thomaswilliams2334@gmail.com$/i
/djarassoba@gmail.com$/i
/direzion.polizia05@gmail.com$/i
/lena111111111@inbox.ru$/i
/margot12glover@hotmail.com$/i
/ultistik@filamentone.com$/i
/www-data@ig.com.br$/i
/daveonlineservice@outlook.com$/i
/hcmavan@gmail.com$/i
/chungzhao2014@gmail.com$/i
/wine2help@gmail.com$/i
/infos.poliziadistato@gmail.com$/i
/wabisco05@gmail.com$/i
/bennyaerth@gmail.com$/i
/lixodeploravel@hotmail.com$/i
/charmiletrasnews@gmail.com$/i
/vladislavvladimir02@gmail.com$/i
/chungzhao2014@gmail.com$/i
/ezcertificazioni47@gmail.com$/i
/elisabetta-zanasi@libero.it$/i
/montgomerygordon86@gmail.com$/i
/lixodeploravel@hotmail.com$/i
/nguyenvanke2757@gmail.com$/i
/himanshuagrawal1234ha@outlook.com$/i
/mmohammadaljllilati@gmail.com$/i
/clickbank.contactus@gmail.com$/i
/krtatbeasi@gmail.com$/i
/minaltools@yahoo.co.in$/i
/saqibaliraza001@gmail.com$/i
/raghvendrasolutionservice@hotmail.com$/i
/jodimaldonado823@gmail.com$/i
/noahadam405@gmail.com$/i
/portalidelturista@gmail.com$/i
/civil777@atacom.com.sa$/i
/marketing@superclean.pt$/i
/joanacferreira.98@gmail.com$/i
/newsletter@kasuar.pt$/i
/tanawan@kpinnovation.com$/i
/evyee@513116.cloudwaysapps.com$/i
/leads.ecreditminer.com$/i
/onlinewritingjobs@divewild.ru.com$/i
/cross@cluehang.sa.com$/i
/vip@vip.hendersun.com$/i
/bloodsugarformula@beerslam.ru.com$/i
/support@mails.erectgist.co$/i
/edgarwallis@mudlend.sa.com$/i
/contato21425@sac10.atualacessoria.online$/i
/atendimento@internet-e-mail.com$/i
/newslettre@mryntoniafairly.com$/i
/info@jamesspokes.click$/i
/support@highchin.sa.com$/i
/train@airpass.sa.com$/i
/flood@feecoma.sa.com$/i
/onlinewritingjobs@lambcase.sa.com$/i
/prostate911@holdrare.ru.com$/i
/fredathens@intelliwave.com$/i
/contact@intiregzite.click$/i
/support@ledgenshave.click$/i
/info@cutrow.sa.com$/i
/train@exittie.ru.com$/i
/rifle@exittie.ru.com$/i
/prostate911@takelive.sa.com$/i
/support@takelive.sa.com$/i
/natural@livenode.sa.com$/i
/libby@livenode.sa.com$/i
/spoil@painreal.ru.com$/i
/mentemestra.pt@gmail.com$/i
/serasa@novidades.serasa.com.br$/i
/info@jamesspokes.click$/i
/siege@painreal.ru.com$/i
/szyansen@gmail.com$/i
/josediogopereira@outlook.pt$/i
/servem@yahoo.com.br$/i
/support@hardold.sa.com$/i
/alexandertaylor649y@hotmail.com$/i
