
/linkbooster.biz/i
/heroesofrpg.com/i
/inedyou4.com/i
/cursosformacoes.com/i
/tryharry.beauty/i
/mail.tryharry.beauty/i
/curssformacoes.com/i
/qmeragvedy.link/i
/mpionship.monster/i
/camwater.cm/i
/schoolmanagement.info/i
/arianasc.today/i
/planospravc.cyou/i
/invisionheart.com/i
/hearelectro.beauty/i
/inedyou4.com/i
/tryharry.beauty/i
/vmi1036098.contaboserver.net/i
/app16-gobsatadfc-com.localdomain/i
/hldydlys8.com/i
/caze2022.com/i
/diretoria07.ibppbdrubhepbfuajambprijudiissdp.cloud/i
/diretoria02.csapuibrhuubedbccuaohabupasdsumg.cloud/i
/pnkeye1.com/i
/exempledepartir.fr/i
/myslow.spsk.pl/i
/spsk.pl/i
/rockself.sa.com/i
/hartwick.com.do/i
/mc29dnd.com/i
/AmusementScare.com/i
/amusementsecure.info/i
/amusing-assets.com/i
/amusingcirculations.com/i
/amusing-summit.net/i
/anabolmarket.net/i
/anacweb.org/i
/analysisnormativesideof.info/i
/analysts10.com/i
/anandicustomsolutions.net/i
/anandidatabasebest.net/i
/anandidynamichosting.net/i
/anandiexpertweb.net/i
/anandisuperiorweb.net/i
/ancestraworld.com/i
/anchylareat.com/i
/andbroadcast.com/i
/andditalia.com/i
/and.ee/i
/mail.boots.com/i
/boots.com/i
/combiz.org/i
/aliaternical.com/i
/aliftoff.com/i
/allanglumesis.com/i
/allaspectgolf.com/i
/allglorification.com/i
/allgoodpoint.com/i
/allhouseshop.com/i
/allinclusiveresortsinfloridanow.com/i
/alljoel.com/i
/allnewjerseyhome.com/i
/allowabledifference.net/i
/allowableguide.com/i
/allowableinitiatives.net/i
/allowable-systems.com/i
/allowable-trades.net/i
/allowablevue.com/i
/alluby.com/i
/almagagnerserv.net/i
/almost-unnaturalfoods.com/i
/alnewchina.com/i
/alnewipo.com/i
/alnewkids.com/i
/alnewsound.com/i
/alnouronline.com/i
/aloyembarki.com/i
/alphacrusisdesignsdirect.net/i
/alphacrusisdirectmedia.net/i
/alpino.us/i
/alradatabaseweb.net/i
/alraeasymedia.net/i
/alrahostingweb.net/i
/alraultradesigns.net/i
/alrawebdatabase.net/i
/alreadywatcher.com/i
/alrproducts.com/i
/alshamsire.com/i
/alsopeople.com/i
/altermedsite.com/i
/altmedor.com/i
/altoparananegocios.com/i
/alturl.com/i
/alwallanqatar.com/i
/amaprovidence.org/i
/amarm.com/i
/amasontodai.com/i
/amasontuezdays.com/i
/amberavatar.net/i
/ambientfeed.in/i
/amcremated.com/i
/amego.net/i
/americangothgirl.com/i
/americanheritagesite.com/i
/americanherowap.com/i
/americanpayroll.org/i
/americaprofiled.com/i
/americaschoicecard-now.com/i
/ameristrouses.com/i
/amheam.com/i
/amidway.com/i
/aminatetricru.com/i
/amlivete.com/i
/amnestyfinancialpromo.com/i
/amongballoon.info/i
/amoniaprope.com/i
/amtstat.com/i
/plannote.sa.com/i
/policlinicahs.pt/i
/tacticalgobackpack.shop/i
/faxcrop.sa.com/i
/aftermartcentral.com/i
/aftermartgroup.com/i
/aftermartinc.com/i
/AftermathCatch.com/i
/AftermathCatch.com/i
/AftermathCatch.com/i
/AftermathCatch.com/i
/AftermathCatch.com/i
/afternamemarket.com/i
/afterstockmarket.com/i
/afteryoushop.com/i
/agens.us/i
/ageorgian.com/i
/aggiterisite.com/i
/aggressiveaid.com/i
/aggressive-collaborative.net/i
/aggressive-essence.com/i
/aggressiveinsights.com/i
/aggressive-step.net/i
/agilewholesale.com/i
/agingaircraft2015.com/i
/agreatnewdealonline.net/i
/agreatrustsite.com/i
/agreatsoybeanrust.com/i
/agreementman.com/i
/agreementmedal.com/i
/agstgumby.com/i
/ahqwarranty.com/i
/ai-freight.com/i
/ainchisine.com/i
/aindividual.com/i
/aircheckonline.com/i
/airrim.ru/i
/airseafreight.com.cn/i
/AirSelfishly.com/i
/airshartbedne.com/i
/airsoftsidearms.com/i
/aivy323osoldier.com/i
/aizepcaje.com/i
/ajsa.org/i
/ajspm.com/i
/ajspromotionalmedia.com/i
/akligabro.com/i
/akncustomsolutions.net/i
/akndatabaselite.net/i
/akndirectsolutions.net/i
/aknsuperiorhosting.net/i
/aknultramedia.net/i
/aktifreyon.com/i
/alainchogrow.com/i
/alamonlineshopping.com/i
/alangoa.com/i
/albatroswebmedia.net/i
/albumichaeljackson.com/i
/alcalatrade.com/i
/alcespasts.com/i
/alebat.ru/i
/alegemuster.com/i
/al-emadinvestmentgroup.com/i
/alertstodayhotline.com/i
/alertto.com/i
/alexporto.biz/i
/alfa.ns.active24.cz/i
/haizhli.com/i
/absorbing-guru.net/i
/absorbing-idea.com/i
/absorbingnews.net/i
/absorbing-read.net/i
/absorbing-touchpoint.com/i
/abusesodor.com/i
/academicnexus.info/i
/acaiberryselectreview.net/i
/acaiexposed.org/i
/acasausa.co/i
/accelerationwebdown.com/i
/accelerationwebminimum.com/i
/accentdatasupport.xyz/i
/accessible-bit.net/i
/accessibleimport.com/i
/accessibleminutes.net/i
/accessiblepromos.com/i
/accessible-thoughts.net/i
/acclimatedlist.com/i
/accuratewebsolutions.in/i
/aceworldtest.com/i
/acquireuscontacts.com/i
/acrobat-2011-upgrade.com/i
/acrobat-reader-2011.com/i
/actdownload.net/i
/actinfac.com/i
/actionlowsafe.com/i
/activecourse.net/i
/active-differences.net/i
/active-guards.net/i
/active-interaction.net/i
/activeinterest.net/i
/activequickdial.com/i
/activesubscriptions.com/i
/active-value.net/i
/activilowworld.com/i
/actlowguard.com/i
/actlowprotected.com/i
/actlowsafesite.com/i
/actlowsafeworld.com/i
/actminimumfat.com/i
/actonlinesecure.com/i
/actreslowdirect.com/i
/actsafeonline.com/i
/actsecureonline.com/i
/adadvertisingwireless.com/i
/adaptbarels.com/i
/adaptionharm.com/i
/adbtc.com/i
/additionalst.com/i
/addwhile.com/i
/adelarut.net/i
/adequatewater.com/i
/adexaroyt.com/i
/adjustable-collaboratives.net/i
/adjustableengine.com/i
/adjustablepoint.net/i
/adjustable-vue.com/i
/admail.net/i
/admanagerplus.com/i
/adobe-2010-software.com/i
/adobe-2011-download.com/i
/adobe-2011-download.net/i
/adobe-2011-download.org/i
/adobe-2011-downloads.com/i
/adobe-2011-downloads.net/i
/adobe-2011-downloads.org/i
/adobe-2011-upgrade.com/i
/adobe-acrobat-2010.com/i
/adobe-acrobat-2011.com/i
/adobe-acrobat-new-download.com/i
/adobe-acrobat-software.org/i
/adobe-acrobat-solutions.com/i
/adobemax2011.com/i
/adobe-new-software.com/i
/adobe-pdf-2011.com/i
/adobe-pdf-software.org/i
/adobe-pro-download.com/i
/adobe-pro-downloads.com/i
/adobe-pro-software.com/i
/adobe-pro-upgrade.com/i
/adobe-reader-2011.com/i
/adobereader2011.info/i
/adobe-reader-new-download.com/i
/adobereaderpro2011.info/i
/ads-4-sale.com/i
/adsagogo.com/i
/adsmart.net/i
/advanced-mindset.com/i
/advancedsnap.com/i
/adventurecfinr.tk/i
/adventuretheseview.com/i
/AdvicePatrol.com/i
/adwords-help.com/i
/aerodownsite.com/i
/aerolow.com/i
/aeromexicodown.com/i
/aeromexicosoftguide.com/i
/aerominimumguide.com/i
/aerosmithsoftsite.com/i
/aerosoftdownonline.com/i
/aerosoftlowdirect.com/i
/aerosoftlowguide.com/i
/aerosoftminimumsite.com/i
/aeui333ogenetics.com/i
/afeelingofassurance.com/i
/affairafter.com/i
/affeataletteit.com/i
/affectionhe.com/i
/afferastrofish.com/i
/afflikersio.com/i
/affordable-assets.com/i
/affordable-junctions.com/i
/affordablesummits.net/i
/affordable-tones.com/i
/affstore.info/i
/afiliatemarketingdirect.net/i
/afiliatemarketingeasy.net/i
/afkyagnyfo.com/i
/aformhost.com/i
/afterhourshop.com/i
/afterhoursshop.com/i
/afterishop.com/i
/m.iblin.net/i
/iblin.net/i
/fjm1ef.vivaosucesso.com.br/i
/vivaosucesso.com.br/i
/biz-export.top/i
/melhordodia.com/i
/coastalincomefund.com/i
/gtrsa.buzz/i
/lesuand.digital/i
/126.com/i
/qxyq.com/i
/instanttranslators.shop/i
/mail.instanttranslators.shop/i
/circilewisdom.com/i
/fedzexsurvey.today/i
/mail.fedzexsurvey.today/i
/mungaikihanya.com/i
/onlyone-invest.com/i
/news.dealscomparer.com/i
/dealscomparer.com/i
/aasrawelfare.org/i
/abhorrentedifice.com/i
/abigtray.com/i
/abiscircuits.en.made-in-china.com/i
/aboritering.com/i
/abos121omuseum.com/i
/aboutflow.com/i
/aboutwebinar.com/i
/abovecoming.in/i
/abovename.com/i
/abreviateso.com/i
/abscillatio.com/i
/absolutions.us/i
/absorbingchannels.net/i
/doktormohr.at/i
/companydata.club/i
/emaildata.club/i
/nps.k12.va.us/i
/21cn.com/i
/k12.va.us/i
/jyay.com/i
/topazlabs.com/i
/gu49bh.rankmeup.co/i
/rankmeup.co/i
/gerente08.capacidades.one/i
/capacidades.one/i
/bebabands.com/i
/hscbelts.com/i
/innwolf.sa.com/i
/caspergadgets.com/i
/novinskye.hz.cz/i
/bbclientesmpe.com.br/i
/bbtecno.net.br/i
/emktbbts.com.br/i
/utlhq301.utl.co.ug/i
/utl.co.ug/i
/163.com/i
/imj.org.il/i
/cursfrmacos.com/i
/i1phnws.com/i
/mail.i1phnws.com/i
/sunnygreece.gr/i
/mailstudio.gr/i
/legendsenthusiastd.top/i
/yellowcorners.info/i
/ottwauy.digital/i
/datalist.info/i
/smbc.co.jp/i
/affdi20.agentefiscal.hair/i
/agentefiscal.hair/i
/porshambr.co.in/i
/companydata.me/i
/porshambr.co.in/i
/xh.valverdei.me/i
/valverdei.me/i
/ofertasedesconts.com/i
/newc252.streamtp.com/i
/fr3iphnw.com/i
/datalist.live/i
/4b8u5g.loucosporvantagem.com.br/i
/loucosporvantagem.com.br/i
/ofertasdescnts.com/i
/nistoresio.co.cz/i
/lelectinee.buzz/i
/wellsfargosurvey.life/i
/ucational.link/i
/posistorather.com/i
/yrfdsrep9.com/i
/pro2ita.com/i
/vip.sina.com/i
/sina.com/i
/uiry.uri.com/i
/mkeitgo.com/i
/nvmbr15dl.com/i
/g3tnuggs.com/i
/rporation.cam/i
/cn1frm.com/i
/wealthlife.beauty/i
/forhead.beauty/i
/lementary.link/i
/breakmedown.uk/i
/datalist.live/i
/contact490.com/i
/databases.icu/i
/porshambr.co.in/i
/ofertarp.com.br/i
/cended.com/i
/abusive.nl/i
/july122022.com/i
/fehsolution.com/i
/gesconadm.com.br/i
/viacaoaracatuba.com.br/i
/vitalenutricao.com.br/i
/takedo.com.br/i
/trafegobom.com.br/i
/163.com/i
/heroesofrpg.com/i
/mydishtv.com/i
/epromocaoagora.com.br/i
/fr3iphnw.com/i
/antwone.july122022.com/i
/contact490.com/i
/novinskye.hz.cz/i
/nvmbr15dl.com/i
/databases.icu/i
/ofertasedescont.com/i
/12minbitdeep.top/i
/2-dns.me/i
/21.emnvonv.cfd/i
/28erp.com/i
/2life.it/i
/32.esmnxin.sbs/i
/3dpen.top/i
/a-rdsdy.co.uk/i
/a2zcreatorz.com/i
/abinitio.es/i
/abstractrun.bar/i
/ac7.nnmails.com/i
/accaps.top/i
/accounts-fastdatalytics.live/i
/accuracyplace.com/i
/acessecomunicacao.com.br/i
/achmements.fr/i
/acquistismart.com/i
/activecore.today/i
/activeware.com/i
/additioncounty.bar/i
/admantic1.site/i
/adn-equilibre.com/i
/adsalsa.com/i
/adsalsa.it/i
/advancedgroup.in/i
/advertisement.deepyellowrelay.top/i
/advertisingmessages.site/i
/affactions.co/i
/aflamplus.com/i
/agency-performance.it/i
/agenda.futurebridging.top/i
/agenziaentrata.casa/i
/agenziave.casa/i
/agrogyanta.com/i
/aibusinessresearch.eu/i
/ainp.site/i
/aireasyfly.com/i
/airgroupamerica.com/i
/airstart.com/i
/ajfcostaneto.com.br
/ajudanovobanco.com/i
/alaniase.mordovia.ru/i
/alarisaero.com/i
/alert.quickboooks.intvit.com/i
/alert.youth4work.com/i
/alexar.com.mx/i
/algt-me.com/i
/alialketbi.com/i
/alienmovies.ca/i
/alivesurgeon.bar/i
/aliyun.com/i
/alkuhaimi.com/i
/allatnadyasalismasteakj.xyz/i
/alojadopos.pt/i
/alphineoil.com/i
/amicale-portal.fr/i
/amstkj.com/i
/analyticsoptimize.com/i
/ancorande.com/i
/andar-sz.com/i
/andreacastellana.com/i
/andreacastellana.it/i
/angelcalc.com/i
/animewebradio.it/i
/antalyalab.com/i
/antibarkdogtrainingantibarkingdevicesojkvjjvj.com/i
/aperfu.online/i
/aplushitech.com/i
/apollon-attuale.it/i
/apollon2go.com/i
/app-count.cloud/i
/app-mega.cloud/i
/appdevelopment4u.com/i
/appielnc.com/i
/appkart4u.xyz/i
/appleawhites.ru/i
/aptenia.in/i
/arkadia.com/i
/armada.it/i
/aronahomes.es/i
/art-host.pl/i
/art-systemtechnik.de/i
/artemose.de/i
/artigianinvetrina.com/i
/aruba-sys.com/i
/as29550.net/i
/ascintl.com/i
/asi7.ru/i
/aslapts.fr/i
/asmolds.de/i
/asoter.it/i
/astutesoftwares.com/i
/asvap-3.openstacklocal/i
/atelier-numerique-nimois.com/i
/atlas.sk/i
/atlasoftwares.com/i
/atrom.eu/i
/attivitasettimanale.com/i
/auntoak.ru.com/i
/auruibis.com/i
/ausgita.com/i
/authedomain.pw/i
/authorization.mixedlink.top/i
/avantages-gagnants.space/i
/aviadynamics.com/i
/avtomotorcorporation.bg/i
/b87.regularizeid973.org/i
/backsosmithes.shop/i
/bagastiners.radio.fm/i
/banorte.com/i
/banusproperty.com/i
/barak-online.net/i
/baransely.de/i
/barimedical.bg/i
/baserionser.ru/i
/basicneeds.in/i
/basmaji.fr/i
/baziliks.art/i
/bbl.co.th/i
/be-on-holiday.com/i
/be-on-holiday.net/i
/bellaliant.net/i
/besteamleage.com/i
/bilek.cloud/i
/bill.futurecentraldata.top/i
/bilosaters.free.hr/i
/bitsain.net/i
/biwattmobility.pt/i
/biwf.mologically.com/i
/biztohigher.com/i
/blandorbit.co/i
/blemsaboresdeportugal.com/i
/bluemotion.it/i
/bluewayroute.top/i
/bobokom.site/i
/bombslot.sa.com/i
/bon.at/i
/bonolacenter.it/i
/bonolaoffice.com/i
/bonolaoffice.eu/i
/bonolaoffice.it/i
/bontronicltd.com/i
/boostconnekt.top/i
/borola.com/i
/box.manalichemicals.cam/i
/bragleaf.ru.com/i
/breefloodlight.com/i
/bshaari.com/i
/btc-net.bg/i
/business-listing.net/i
/business-reg.net/i
/business-staff.com/i
/buymarket.net/i
/calcuttadrycleaners.com/i
/campagnedemitalia.it/i
/cantinenicosia.it/i
/care.sprinklr.com/i
/carryformula.co/i
/casasreis005.co/i
/cassapertutti.it/i
/cbdseeds.store/i
/cbg.ru/i
/cctech-industrial.com/i
/cctechele.com/i
/celbra.com.br/i
/cenitmodelos.com.mx/i
/centrum.cz/i
/centrum.sk/i
/cestmadiffusion.space/i
/cevisa.es/i
/champicasa.com/i
/chevroletiztacalco.com.mx/i
/chibo.it/i
/chiprage.ru.com/i
/chochinya.com/i
/chromaleont.it/i
/chroncontroldehorarios.com/i
/cionfs.it/i
/cittadelladellosport.com/i
/clarius.com.br/i
/claudiosmotors.com/i
/clickliv.com/i
/climateproperty.co/i
/climateremain.co/i
/clodoserver.ru/i
/cloudwaysapps.com/i
/cn4e.com/i
/cnc-parts.top/i
/collapsediffer.co/i
/collarnegative.co/i
/columnparagraph.co/i
/comfortprinter.co/i
/communicationsympa.site/i
/company-connekt.co/i
/companyreg.net/i
/competition.purplelightrelay.top/i
/complexoutside.bar/i
/compranaturale.it/i
/comptabiliteinformatisee.fr/i
/condutorseguro.co/i
/constructq.fr/i
/contec-eg.com/i
/converloy.shop/i
/convert2deal.com/i
/cookroar.ru.com/i
/core-active.rocks/i
/coreints.com/i
/corporate-funnel.co/i
/cossmil.mil.bo/i
/coverflex.io/i
/crazycybertech.info/i
/crisrecomienda.com/i
/crm.toolsengineer.de/i
/ctt-ptservice.com/i
/ctx49.top/i
/cue-inc.com/i
/custom-casting.com/i
/customnameprints.com/i
/d-games.pro/i
/daav.rowater.ro/i
/dafam-linggau.com/i
/dahvc.net/i
/dailydeal2021.com/i
/dailyundercover.com/i
/dangerlanguage.co/i
/dasrb.com/i
/datacore.rocks/i
/datawork.agency/i
/dbhvape.com/i
/dcsrb.com/i
/debtor.rapidchannel.top/i
/deepstop.ru.com/i
/deeptaulynk.top/i
/defineshaver.click/i
/demagencyvma.it/i
/demagenzia.com/i
/demambo.net/i
/demcampagne.it/i
/deponet.com.tr/i
/descontosonline.live/i
/description.redmoldlynk.top/i
/designdevelopment.in/i
/devninja.online/i
/dhlinternationalgmbh.net/i
/dicoel.es/i
/die-casting.top/i
/diff-connekt.cloud/i
/diff-route.cloud/i
/dinamica.to.it/i
/dingyij.com/i
/dingyik.com/i
/directaanvragerab.com/i
/dndwebdesign.com/i
/dns0.jbcp.jo/i
/domainmg.com/i
/domicilium-weyarn.de/i
/dominose.free.hr/i
/dpi48.it/i
/dracmaservice.it/i
/dreamer.com/i
/drink6.com/i
/drink6detox.pt/i
/drive-biz.trade/i
/drmtowels.com/i
/dtrkem.com/i
/e-italyfood.com/i
/e-monsite.com/i
/ebr-businesslistings.net/i
/ebr-database.gq/i
/ebr-reg.eu/i
/ebr.directory/i
/ebr2021.com/i
/ebrregistry.company/i
/econizi.casa/i
/ecyoombu/i
/edilnet.it/i
/edm8.xcemails.com/i
/ekeyportal.directory/i
/electrifica.com.mx/i
/elisa.fi/i
/elisanet.fi/i
/elnfrente.cam/i
/elpatra.de/i
/em2540.trollkongen.com/i
/em3722.promotte.com/i
/em4236.drink6.com/i
/email-connekt.cloud/i
/email.spaceipedia.org/i
/emailofferte.it/i
/emails-lynk.cloud/i
/embeeindia.com/i
/emirates.net.ae/i
/emissao-notamunicipal.org/i
/emnvonv.cfd/i
/en.shi-x.punchedparts.com/i
/encorelapourla.fr/i
/enel-us.com/i
/enelsrv.com/i
/engagementboostprosperity.com/i
/engagio.eu/i
/enginekeys.xyz/i
/envoicienvoila.website/i
/eoaclk.com/i
/eppieverse.com/i
/eprofitlabs.com/i
/equifirstcapitalinc.com/i
/eraera.co/i
/erbasintetica24.com/i
/ero-star-24.com/i
/erusd.k12.ca.us/i
/es24arredamento.com/i
/esmnxin.sbs/i
/espansionegrafica.it/i
/essetr.it/i
/estatesustain.today/i
/estimate.redimmediatelynk.top/i
/etelweb.com/i
/etelweb.it/i
/etelwebmedical.it/i
/eu.buymarket.net/i
/eu.verticalmailer.com/i
/eu.yougetnow.com/i
/eubusinessdatabase.com/i
/europvc.net/i
/eutelia.it/i
/ewebeonlinesolutionpalladium.cz/i
/exempledeprevoir.fr/i
/expandwatch.com/i
/exposuredisco.co/i
/extol.es/i
/extremebit.it/i
/fabrilosoto.com/i
/facemagick.com.de/i
/factory.blueweeklylynk.top/i
/fajasfirmusa.com/i
/falconofs.com/i
/fallmixture.co/i
/fallostiner.org.es/i
/famidesigns.monster/i
/famigifts.monster/i
/faringon.biz.ua/i
/fast-injectionmolding.com/i
/fastaccess.top/i
/fasteragents.com/i
/fatdistroye.click/i
/fatturapertutti.it/i
/fbmarketing.live/i
/fdata-mkt.eu/i
/federicoprimiceri.it/i
/feedback-on.com/i
/feedback.purpleoverlynk.top/i
/feltormfine.shop/i
/fetissimo.com/i
/fibremex.co/i
/filatovse.cbg.ru/i
/fin-techs.ru/i
/financeinfolibrary.com/i
/firstaidservice.eu/i
/fitoselase.radio.am/i
/flankercint.work/i
/fleurblanche.com/i
/flexworktalent.com/i
/flexworkweb.com/i
/flingfailure.co/i
/fluter.co/i
/flyingmailers.com/i
/fmnvpo.sbs/i
/fnanzeservizi.casa/i
/fondazionefenice.it/i
/fordemand.com/i
/fordemand.ntz.pt/i
/forgesp.eu/i
/fotanserion.ru/i
/fotobf.com/i
/fpg.edu.br/i
/free.hr/i
/frezite.pt/i
/fruitups.work/i
/futurelinking.top/i
/futureroute.top/i
/futurerouting.top/i
/futurestream.top/i
/fw-mail.com/i
/g.txvxmo.buzz/i
/gaiff.am/i
/gappssmtp.com/i
/gate.widethemes.com/i
/gbbn.co.in/i
/gcssceffolding.com/i
/gearlaunch-prod.imgix.net/i
/gef.it/i
/geguniversal.it/i
/geldterug-info.nl/i
/gf-qatar.com/i
/giftcard2n.com/i
/gigabytedistribuzione.it/i
/gihax.com/i
/gikousya.com/i
/globaltrad.it/i
/globaltrados.eu/i
/globaltrados.it/i
/globalwebtech.online/i
/golf.feltormfine.shop/i
/gonanbian.nl/i
/goodchanspublishing.com/i
/goodisgoodforlife.tk/i
/goodtohelt.click/i
/greatecoglove.com/i
/green-jobs.it/i
/growthrecord.com/i
/growthrecords.com/i
/grupoahav.com.br/i
/grupogreat.pt/i
/grupoocupa.com/i
/grupoyavalogistics.com.mx/i
/gsym.com/i
/gtyiollpld.store/i
/guadagnacongliaffitti.it/i
/guerrinuccio.it/i
/guitarouter.co/i
/gulancerps.work/i
/gutscheincodescout.de/i
/gzzetta.casa/i
/gzztt.casa/i
/habasit.com/i
/haelttinitues.cam/i
/halinshedane.shop/i
/hambergiston.shop/i
/handel.intl.com/i
/hanvosafety.com/i
/happydealshere.com/i
/harmonie.ch/i
/hawke.mailsender.nu/i
/hawke0.hawke.mailsender.nu/i
/hbpnkz.ru/i
/healthutir.cam/i
/hebamme-stine.de/i
/hgg54.surf/i
/hi-ana.club/i
/hillarmy.sa.com/i
/hillden.ro/i
/hjlogistic.top/i
/hksfbsi.cn/i
/hmamail.com/i
/hoitin24h.com/i
/hokolec.store/i
/holiday-destination-planner.com/i
/home4four.com/i
/honeyideas.com/i
/hospitalaz.info/i
/hosting2.raidgen.com/i
/hutbear.ru.com/i
/hwsrv-955429.hostwindsdns.com/i
/hydroponic-maker.com/i
/hyperionow.it/i
/hyperoffice.com/i
/hyyat4host.com/i
/i-dh.pw/i
/iblin.cn/i
/iblin.net/i
/icoisoesystem.sk/i
/ideedelgiorno.com/i
/ideepourpro.com/i
/idnfe82.emissao-notamunicipal.org/i
/ilmomentoperfetto.com/i
/imaip.org.mx/i
/img.btdmp.com/i
/img.cart-checkout.com/i
/impactrouting.com/i
/impresedigital.it/i
/improvement.sevenrange.top/i
/incomunica.com/i
/industrialproduct.info/i
/industrialpz.com/i
/info.jump4you.com/i
/infotechsuite.com/i
/intercept.cloud/i
/intercity-hostel.org.ru/i
/interclima.es/i
/interlysun.com/i
/internet-e-mail.com/i
/intvit.com/i
/invoice.rapiddatalift.top/i
/ip-supply.com/i
/ipaice.com/i
/iqtech360.com/i
/irtel.ru/i
/isadatamarketing.com/i
/isadatamarketing.info/i
/isaemailmarketing.info/i
/iscqo.com/i
/italiadigitalagency.it/i
/jarisonpark.work/i
/jasminegeeks.com/i
/jbbodamail.com/i
/jealousstay.bar/i
/jobsora.com/i
/julietand.com/i
/jump4you.com/i
/juryfull.ru.com/i
/jus.br/i
/jvision.cl/i
/jysuisjyreste.shop/i
/k2innovazione.it/i
/kaiho-giken.co.jp/i
/karmaresponse.com/i
/kellysofficefurniture.com/i
/kepplerseminare.de/i
/kfgerty.com/i
/king-hunter.com/i
/kitachinmi.com/i
/kk.amstkj.com/i
/klenhosnc.com/i
/knowledgetense.co/i
/koecher-neuss.de/i
/kp-press.de/i
/kpiclub.or.kr/i
/krungsri.com/i
/l-iberan.org.uk/i
/laconsegnadem.com/i
/lafabbricadeipremi.com/i
/lakedefine.co/i
/large-route.cloud/i
/lasfloristas.in/i
/laundryhallway.bar/i
/learningstart.work/i
/leonetprovedor.com.br/i
/les-meilleurs-voyants-de-suisse.ch/i
/letsdeel.co.uk/i
/letters-connekt.cloud/i
/libero.it/i
/littleblackdress.it/i
/livecolours.it/i
/liverpolice.co/i
/lmkyz.com/i
/lmkzd.com/i
/lofipod.cfd/i
/loginonbanese.com/i
/logixtech.site/i
/logosexpress.it/i
/lohesch.xyz/i
/lokerstoner.com.es/i
/lolaleadvr.com/i
/lomys.it/i
/looneytours.it/i
/loothandicap.co/i
/losaass.it/i
/lotsalittlethings.com/i
/loudness.it/i
/love.online-b.asmolds.de/i
/lovess.it/i
/lrbzd.com/i
/lss.it/i
/lubonline.pt/i
/lumpress.it/i
/macron.com/i
/magellano-posizionamento.it/i
/magellanoconsulting.it/i
/mail-ess.live/i
/mail-nmg.com/i
/mail-route.co/i
/mail.ausgita.com/i
/mail.enginekeys.xyz/i
/mail.fatdistroye.click/i
/mail.feltormfine.shop/i
/mail.fin-techs.ru/i
/mail.haelttinitues.cam/i
/mail.halinshedane.shop/i
/mail.hambergiston.shop/i
/mail.karlslav1.com/i
/mail.lohesch.xyz/i
/mail.miracleglassy.shop/i
/mail.naveproject.com/i
/mail.naveproject.es/i
/mail.organsebear.shop/i
/mail.quitelhover.shop/i
/mail.rejapnesharp.click/i
/mail.scrawzberg1.com/i
/mail.techeea.com/i
/mailenvoye.online/i
/mails.aireasyfly.com/i
/mails.boongoo.com/i
/mails.joebunch.com/i
/mails.shoprichly.com/i
/mails.sunsat.org/i
/mailsender.nu/i
/mailsimpleworld.com/i
/mailtrack.me/i
/makecustomparts.com/i
/maker-lighting.com/i
/mamach.nl/i
/manalichemicals.cam/i
/manusa.com/i
/mapasolar.com/i
/marfinbank.ua/i
/margin.boostlynk.top/i
/market.futurelinking.top/i
/marketingplace.website/i
/marketmail.it/i
/marthack.biz/i
/mask-pt.online/i
/masslows.ch/i
/massprovoke.co/i
/materialography-web.com/i
/mathsolution.co/i
/maxicom-it-contact.com/i
/maxtrend.pl/i
/mazaret.at/i
/mc-svc-d.it/i
/medecongreateco.com/i
/medium-bridging.co/i
/medium-lynk.cloud/i
/mega-count.stream/i
/mega-tech.cloud/i
/megamta.com/i
/melmarket.fun/i
/mentionelapse.bar/i
/mesenvois.space/i
/message.futurelinking.top/i
/metalmanager.co/i
/mexcool.com/i
/mg-web.it/i
/mg.cor.to.it/i
/mggroupitalia.net/i
/mgpg.it/i
/midnightlake.co/i
/mihter.com/i
/milanoagency.uno/i
/miracleglassy.shop/i
/mix-beezness.click/i
/mixemails.monster/i
/mkt-pt.eu/i
/mktandsales.it/i
/ml.globaltrados.it/i
/mlivreonlinergo.com/i
/mllivreonline.com/i
/mm1.enelsrv.com/i
/mncio-dns.org/i
/mncio.cn/i
/mnzmmwn.cn/i
/modulstudio.it/i
/modustrebinje.com/i
/mologically.com/i
/monita.vn/i
/monkpaper.co/i
/moodstun.co/i
/moose-mail.com/i
/mordovia.ru/i
/moscaraterradotranto.com/i
/motherdaygifts.monster/i
/mouldmakers.top/i
/msollers.com/i
/mu-tenbai.com/i
/multib.com.my/i
/munafape.com/i
/mw-verksamhet.se/i
/mwnutmegmw.info/i
/mx.maxtrend.pl/i
/my-spot-vip.com/i
/mycttmail.online/i
/mygiftshop.xyz/i
/myopportunity.email/i
/myorango.com/i
/myregisteredsite.com/i
/mytrille.fr/i
/myweb-360.it/i
/myweb360.it/i
/n.iblin.cn/i
/n.iblin.net/i
/nacel.org/i
/nassargroup.com/i
/naveproject.com/i
/naveproject.es/i
/nbmarkt.xyz/i
/nbnovo8.nbmarkt.xyz/i
/needsandwants.site/i
/needsandwants.top/i
/negoziatoriprofessionisti.it/i
/net263.com/i
/new45.sakolinahdade.online/i
/newdimejazz.com/i
/newscampos.com/i
/newsfaria.com/i
/newstre.org.uk/i
/nexttechgroup.com/i
/nf.sympatico.ca/i
/nicematin.com/i
/nissala.com/i
/nissinsb.com/i
/nitroinfotech.info/i
/nkv33.top/i
/nnmails.com/i
/nocimase.art/i
/noleggiobicidoctorbike.com/i
/noleggiobiciparcoticino.it/i
/noone.ru/i
/noreply-businessanalytics.com/i
/noreply-businessleads.com/i
/noreply-webalerts.com/i
/northlandlink.com/i
/northsixty.com/i
/nortonantivirusprotectyourdevicesgybbxqoyk.com/i
/notebookricondizionati.store/i
/ns.sympatico.ca/i
/ntz.pt/i
/nuttire.ru.com/i
/o-sites.online/i
/oferedesco.com/i
/ofertainitalia.it/i
/offer-experts.com/i
/offer-experts.net/i
/offertarapida.it/i
/offertefantastiche.eu/i
/offerteistantanee2021.eu/i
/offertelive.com/i
/offertepermail.it/i
/offertissimeclktr.eu/i
/offertoner.info/i
/official-life.tokyo/i
/oghexporting.com/i
/omer-tech.com/i
/omeuservidor.as29550.net/i
/onelive.group/i
/onemillet.com/i
/online-b.asmolds.de/i
/onlinehome-server.com/i
/onlineking.live/i
/ono.com/i
/operationsecular.co/i
/opinion.deepabcroute.top/i
/opinion.purplehundredsrelay.top/i
/opo.com/i
/or.kr/i
/order.purplemediumrelay.top/i
/organsebear.shop/i
/out.publicaster.com/i
/ouzhoubeiqyhjg.com/i
/overeatnation.co/i
/ovinters.de/i
/owelay.sa.com/i
/p-pcommerce.com/i
/p-pconsulting.com/i
/p-pconsulting.it/i
/p2sconstruction.com/i
/p9services.com/i
/pabh.com/i
/packagingnc.cn/i
/packing-bag.top/i
/pagam1sella.it/i
/paginas-de-internet.pt/i
/pancakeswapwallets.com/i
/panolapfc.com/i
/paradiseperkasa.com/i
/parkcity.free.hr/i
/parkooair.com/i
/pastdatagrid.top/i
/pc-usato.it/i
/perfect-quotes.com/i
/performance-entreprises.fun/i
/performance-entreprises.store/i
/personalrocket.co/i
/pewo.com/i
/pfyy.store/i
/phalcospices.com/i
/phatos.it/i
/phi.com.mx/i
/pianobroadcast.co/i
/pillbin.ru.com/i
/pillowise.jp/i
/pimec.net/i
/playdatedenver.com/i
/plesk.2-dns.me/i
/plusbase.click/i
/point-startup.rocks/i
/portugalsniamenisme.com/i
/portugalusnam.com/i
/positive-view.site/i
/posizionamentogooglebrescia.it/i
/possibility.futurestream.top/i
/postapremium.casa/i
/postation.casa/i
/preciouspace.net/i
/premadediamonds.com/i
/premiumdomainregistry.com/i
/premiumpost.casa/i
/prestige-awards.com/i
/preventivi-azienda.it/i
/price-promotion.online/i
/printbasez.store/i
/pro-offerta.it/i
/procars-shop-cz1.com/i
/produtoepiss.eu/i
/produtoepiss.website/i
/profit.bluewayroute.top/i
/progetti-digitali.it/i
/promonews24.com/i
/promopermail.com/i
/promotion.futureroute.top/i
/promotte.com/i
/promoviamail.com/i
/promozioniclktr.eu/i
/proof-connekt.co/i
/protettivo.net/i
/provedordominio.com.br/i
/provistahk.com/i
/pubblicitasemplice.it/i
/punchedparts.com/i
/purplegammaroute.top/i
/purplehundredsrelay.top/i
/purplemediumrelay.top/i
/purpleminimumlynk.top/i
/putdrag.ru.com/i
/pvx54.top/i
/qemailserver.com/i
/qogl.com/i
/qq.com/i
/qu.edu.qa/i
/quantimessage.fr/i
/quickandeasy.site/i
/quickboooks.intvit.com/i
/quintline.se/i
/quirensent.work/i
/quitelhover.shop/i
/quotes-expert.com/i
/raag.store/i
/rabbitandjohn.com/i
/raghavsspl.com/i
/ranksitt.net/i
/rapidaccess.top/i
/rapiddatalift.top/i
/rapidoimpiego.it/i
/rawattextiles.com/i
/rbcbearings.com/i
/realemail.net/i
/redflexiroute.top/i
/redseainternational.com/i
/reeco.store/i
/referencement1492.site/i
/regalbeloit.com/i
/regionalmanagement.com/i
/rejapnesharp.click/i
/relaytrigear.click/i
/reliableinjury.co/i
/rentalsustain.today/i
/repairs.fastaccess.top/i
/replacewoman.co/i
/reverpenalk.click/i
/rhinohealth.net/i
/riassuntodelmese.com/i
/rightclicksolutions.co.tz/i
/rikasolutions.ntz.pt/i
/rincondesugerencias.com/i
/riverpneus.com/i
/rivertyre.com/i
/rodman.es/i
/rollsave.ru.com/i
/rowater.ro/i
/rspmail-apn2.com/i
/rstore.it/i
/ru.com/i
/rubberseals.top/i
/rushextent.co/i
/ryanbabiuch.com/i
/s1.asi7.ru/i
/s1.happydealshere.com/i
/s2.asi7.ru/i
/s78.ancorande.com/i
/s8.asi7.ru/i
/s9.asi7.ru/i
/sa.com/i
/sakolinahdade.online/i
/saldocon.casa/i
/saldozcaduto.casa/i
/sales.futurerouting.top/i
/salpie.org/i
/saragih.club/i
/saunalahti.fi/i
/scadutosaldish.casa/i
/scapcshop.com/i
/schedule.purplegammaroute.top/i
/scrawzberg1.com/i
/se.omer-tech.com/i
/searchranknow.com/i
/seasonalgrowth.org/i
/seatwist.co/i
/sec52.secrel.com.br/i
/secrel.com.br/i
/secureip.in/i
/securitydomain.store/i
/sedesign.site/i
/selected-offers.net/i
/selezioneperte.com/i
/selfordtrading.com/i
/sender1.egis.pt/i
/sendpul.se/i
/sentforyou.com/i
/seo-allen-tx.com/i
/seo1505.site/i
/seosmoppc.net/i
/serdrips.com/i
/serpot-hostel.kz/i
/servatica.com/i
/server.needsandwants.site/i
/server.price-promotion.online/i
/server.splittel.com.mx/i
/serversmtpbond.com/i
/serversmtproute.com/i
/service-expert.net/i
/service-postaldhltd.net/i
/service.accuracyplace.com/i
/service.silicon.it/i
/service.stadiumledlamp.com/i
/service.xylanguage.com/i
/serviciosintegralespyme.com/i
/servicodecampanhas.com.br/i
/servicosuper.fr/i
/servidora.xyz/i
/sevenrange.top/i
/sharkoon.com/i
/shi-x.punchedparts.com/i
/shopnetllc.com/i
/shoprichly.com/i
/shreemelectric.com/i
/sib-2000.com.ar/i
/signature.redflexiroute.top/i
/sillkroadfundwealth.xyz/i
/sinoeastern.com/i
/sistemiunico.it/i
/siteat199.online/i
/siteleaf.com/i
/situazionocredito.casa/i
/smksunankalijogolmj.sch.id/i
/smm42.surf/i
/smokesigns.info/i
/smtp142.dingyij.com/i
/smtp2196.rspmail-apn2.com/i
/socialurbi.com/i
/solcon.nl/i
/solicitacao3.access.ly/i
/solomongem.com/i
/solucionesarrow.com/i
/somatime.ma/i
/some-vps-name.local/i
/somethingnecessary.online/i
/somethingnecessary.site/i
/sorter.ch/i
/soucbnet.com.br/i
/soupincm.com/i
/souzaumcincor.mlivreonlinergo.com/i
/spark-softwares.com/i
/speed.at/i
/spicyisgood.com/i
/spineeternal.co/i
/spininspector.co/i
/splittel.com.mx/i
/sport-moelln.de/i
/sportseries.nl/i
/sprinklr.com/i
/sr-timber.shop/i
/src08.top/i
/stadiumledlamp.com/i
/staff.pagam1sella.it/i
/staff.staffearubaa.it/i
/staffearubaa.it/i
/stagecolor.work/i
/stampingtool.cc/i
/stanzeastudenti.com/i
/stat-pulse.com/i
/steakreaction.co/i
/stikabros.com/i
/stonepizza.org/i
/streber24.de/i
/stregismaldives.com/i
/studiottaviano.it/i
/success.boostconnekt.top/i
/success.purpleoverlynk.top/i
/sunowe.sa.com/i
/sunrajgroup.org/i
/super-lotto.com/i
/supermarketo.shop/i
/superomaggio.it/i
/supersnack.info/i
/supplier-point.rocks/i
/supply.mixedlink.top/i
/supprt1novo.org/i
/supprt2novo.org/i
/supremeshoppers.com/i
/surdeu.de/i
/surlydesigner.com/i
/suryautamaputra.co.id/i
/sustain-rental.world/i
/suztiaey.com/i
/sweetestdating.net/i
/sympatico.ca/i
/syse.no/i
/t-shirt4engineers.store/i
/tackcareheel.work/i
/taivanestion.eu/i
/takebond.sa.com/i
/tattoosie.net/i
/teamsymptom.co/i
/tech-count.cloud/i
/techcodebuilders.com/i
/tel-seg.com/i
/teletalk.net.br/i
/tempsquecadure.space/i
/texmith.com/i
/texon.co.kr/i
/tfc24.top/i
/thecode-crafters.com/i
/thenativeapps.com/i
/thepurpleboxtheater.com/i
/theranchmalibu.com/i
/thyrocare.com/i
/tightrestrain.co/i
/tmportugal.org/i
/tmsformworkqatar.com/i
/toaan.gov.vn/i
/toolmolding.cc/i
/toolsengineer.de/i
/toothwatch.work/i
/toplayishuman.com/i
/topmailing.eu/i
/toptecq.com/i
/toptecq.xyz/i
/toptoner.info/i
/track-point.rocks/i
/tradepdt.com/i
/tradepro.net/i
/traductionportugaise.com/i
/trankilite.site/i
/transcargo.com.my/i
/tre-ba.jus.br/i
/treatfact.co/i
/trollkongen.com/i
/trucamoquatro.loginonbanese.com/i
/trueweb.biz/i
/trumutress.mllivreonline.com/i
/tryexipure.live/i
/tse.jus.br/i
/tuv-nord.com.pt/i
/tuytehfapp.eu/i
/txvxmo.buzz/i
/ukrforest.com/i
/ultimawp.com/i
/uploadaily.com/i
/urpleoverlynk.top/i
/useq.com/i
/usicrom.com.br/i
/uwei.online/i
/uwo.com/i
/v-class.su/i
/vaporld.com/i
/vbs-srl.com/i
/vbs-srl.it/i
/vegus-red.com/i
/venturerelative.co/i
/verticalmailer.com/i
/vertigotrackit.it/i
/verwaltumg.xyz/i
/vifsa.com/i
/vihomedecor.pt/i
/vincipremioperte2021.com/i
/vincipremioperte2021.it/i
/vip.163.com/i
/virtualreal.space/i
/visioncase.co/i
/viva.en.shi-x.punchedparts.com/i
/vmaitaly.net/i
/vodafoneaziende.com/i
/vodafoneaziende.store/i
/vodafoneaziende.tech/i
/vodafoneweb.it/i
/voicetranlate.work/i
/voicicemessage.fr/i
/void.blackhole.mx/i
/voxelhomes.co/i
/vrmailer3.com/i
/waal.co/i
/walkingtrumpet.info/i
/walletspancakeswap.com/i
/warningtiger.co/i
/watchmovie.work/i
/waveamuse.co/i
/wcm45.top/i
/wdp00.top/i
/weareweb.in/i
/webbooster.info/i
/webdevelopment4u.com/i
/webhopp.com/i
/webmail.borola.com/i
/webmail.champicasa.com/i
/webmail.interclima.es/i
/webmetrics.it/i
/websitee.host/i
/wicvazty.com/i
/widethemes.com/i
/windtreweb.it/i
/wmtech247.com/i
/wmtech360.com/i
/woodaware.work/i
/workdo.ru.com/i
/world-designer.org/i
/worthsource.com/i
/wowmobileapp.tech/i
/wwl-sh.com/i
/www.kitachinmi.com/i
/x.fw-mail.com/i
/xcemails.com/i
/xdqgoi.ru/i
/xjsandals.com/i
/xm.com/i
/xsolo.store/i
/xsolo.us/i
/xu.com/i
/xunkangpackage.com/i
/xylanguage.com/i
/xzlicai.com/i
/yelloweditions.com/i
/yellowemailer.com/i
/yfanss.com/i
/ymxo.com/i
/yonkana.net/i
/yosefamiram.top/i
/yougetnow.com/i
/youth4work.com/i
/zbao56.com/i
/zecrb.com/i
/zekelliott.com/i
/zeus.ie/i
/zh-yh.net/i
/zmail.industrialproduct.info/i
/zmail.industrialpz.com/i
/zokrb.com/i
/zwwrb.com/i
/zxkrb.com/i
