/abstractrun.bar/i
/additioncounty.bar/i
/adn-equilibre.com/i
/alivesurgeon.bar/i
/alphineoil.com/i
/auruibis.com/i
/complexoutside.bar/i
/facemagick.com.de/i
/fallmixture.co/i
/flankercint.work/i
/flingfailure.co/i
/fruitups.work/i
/omeuservidor.as29550.net/i
/vihomedecor.pt/i
/g.txvxmo.buzz/i
/i-dh.pw/i
/iblin.cn/i
/fin-techs.ru/i
/gtyiollpld.store/i
/jealousstay.bar/i
/laundryhallway.bar/i
/learningstart.work/i
/liverpolice.co/i
/mails.boongoo.com/i
/mails.joebunch.com/i
/mails.sunsat.org/i
/mentionelapse.bar/i
/metalmanager.co/i
/monkpaper.co/i
/nexttechgroup.com/i
/overeatnation.co/i
/produtoepiss.eu/i
/produtoepiss.website/i
/quirensent.work/i
/rushextent.co/i
/sorter.ch/i
/stagecolor.work/i
/tackcareheel.work/i
/toaan.gov.vn/i
/toothwatch.work/i
/treatfact.co/i
/woodaware.work/i
/cloudwaysapps.com/i
/stonepizza.org/i
/premadediamonds.com/i
/preciouspace.net/i
/seasonalgrowth.org/i
/a2zcreatorz.com/i
/ryanbabiuch.com/i
/jasminegeeks.com/i
/newdimejazz.com/i
/acquistismart.com/i
/servicosuper.fr/i
/lubonline.pt/i
/adn-equilibre.com/i
/weareweb.in/i
/auruibis.com/i
/domicilium-weyarn.de/i
/adn-equilibre.com/i
/arkadia.com/i
/ukrforest.com/i
/mncio.cn/i
/gonanbian.nl/i
/alphineoil.com/i
/i-dh.pw/i
/fast-injectionmolding.com/i
/speed.at/i
/worthsource.com/i
/3dpen.top/i
/toolmolding.cc/i
/stampingtool.cc/i
/clarius.com.br/i
/usicrom.com.br/i
/quotes-expert.com/i
/offer-experts.com/i
/makecustomparts.com/i
/eutelia.it/i
/quickandeasy.site/i
/perfect-quotes.com/i
/somethingnecessary.site/i
/quickandeasy.site/i
/die-casting.top/i
/needsandwants.top/i
/toolmolding.cc/i
/feedback-on.com/i
/somethingnecessary.online/i
/gef.it/i
/arkadia.com/i
/domicilium-weyarn.de/i
/calcuttadrycleaners.com/i
/raghavsspl.com/i
/dailyundercover.com/i
/honeyideas.com/i
/flingfailure.co/i
/metalmanager.co/i
/fallmixture.co/i
/provedordominio.com.br/i
/webbooster.info/i
/climateproperty.co/i
/steakreaction.co/i
/carryformula.co/i
/dangerlanguage.co/i
/prestige-awards.com/i
/mycttmail.online/i
/zmail.industrialpz.com/i
/industrialpz.com/i
