MAILER-DAEMON@omeuservidor.as29550.net
security@intesasanpaolo.com
bounce@partnerlavoro5.com
inde@likepromotion.site
siwanigupta22@outlook.com
vijaykumarjha2015@gmail.com
icefr2017@gmail.com
mh3@oncology-2023.com
staff@becomeuagain.com
anupampandey56@hotmail.com
info@icmame.org
cfp-spring@mail2.2023iiisconferences.org
bell38092@gmail.com
kevin_lee@uverstar.com
Sales.53@dosplkeishfo.com
adv@nexperex.site
dndpptt@gmail.com
marketing@unifax.pt
Oliver_Alena@yahoo.com
madmax@diemaulwuerfe.org
chris_d7@creditarnet.com.br
fmnpdmdt@lfwg.com
deygcbpts@kelliher.k12.mn.us
aylwd@pcoe.k12.ca.us
Waller_Aiyana@goshen.k12.wy.us
andrew.russell@credisan.com.br
willie_d16@credirapidofinanceira.com.br
simmonsd63@credit-cardprocessing.com
hongyihuan69@126.com
QuickMedClearance@excursion.pro
scottd31@credita.com.br
mpxzgvt@nrfshze.gov
jamesd14@creditcheck.ie
philip_d81@credipoint.com
parkerd86@creditfundingusa.com
xiahengjun91145@126.com
keyable@outlook.com
sharmaleychinkezian@atelier-schuemann.de
mnshycg@wvrdnqchydj.net.cn
dwuyk@fb-data.de
billyd87@creditforensics.com
anna.borroni@comecricambi.it
security@intesasanpaolo.com
mcateo@gmail.com
security@intesasanpaolo.com
amada@oddballrovers.com
info@newsletter.ilmegliodeiblog.com
chrisd21@credisur.com.ar
community@nasaprolife.com
trips7@cultureholidaysindia.com
info@servicelist.website
info@duannamlong.vn
murphysonjack@gmail.com
slc@firenze.tosc.cgil.it
thanhlc.1910@gmail.com
cskh@vanphongchothue.vn
viatours.visa@gmail.com
francescasantini@bit.bitcoin-conto.ga
hviet2285@gmail.com
chromlasubma1973@yahoo.com
rotlegoogne1977@yahoo.com
info@stenli-kennel.ru
info@bt-premium.ru
newsletter@newsletter-verychic.com
propertyx@mail1.chl.cloud
info@waterinasuite.info
smtptwillo@firu-mbh.de
vip@eragalaxy.com.vn
thinh.nbb@gmail.com
gianmarcomazzinghi@a.investitore-di-bitcoin.tk
info@sendly.com.pl
noreply@vamkt.net
mobilephoneappxx@aol.com
cskh@vanphongchothue.vn
info@dtsofthcm.com
noreply@eragalaxy.com.vn
info@sendly.com.pl
noreply@eragalaxy.com.vn
mail@abbatti-costi.com
e.tasatan@crmturizm.com
vip@eragalaxy.com.vn
chzzcy@163.com
ohuivietnam@eragalaxy.com.vn
berenicesayyed@yahoo.com
support@vnreal.vn
ryan04416@gmail.com
info@loolapaloosa.com
jpenniston@plumbers519.com
stephanie.mcdonald@live.longwood.edu
newsletter@bfocus.biz
info@jardineros.com.ar
vip@eragalaxy.com.vn
info@mailman.pl
mail@abbatti-costi.com
newsletter-reply@news.mail-conveniente.com
info@ilconsumo.com
info@newsletter-forum.com
info@promo-centrum.com
info@m-subito.com
promozioni@vodafone-online.it
salvatoreruggeri85@outlook.it
info@vaucheroggi.com
info@promo-ora.com
info@blogomail.com
ngocdiendatxanh@ecogreen.vnn.vn
emilia.stepanowa@gmx.de
ecobattery@mail.com
info@promo-centrum.com
reply@besttuat.com
info-519@amexx.com
replay@anomis6.com
noreply@eragalaxy.com.vn
edward.williams@credit-medic.com
replay@anomis6.com
info93976@telegramma.it
info@blogomail.com
vip@eragalaxy.com.vn
info@newscodicesconto.com
info@compackteb.com
info@newscodicesconto.com
sutruong90@gmail.com
lauren.builder@gmail.com
nguyenhuong1913@gmail.com
wyattluke84@gmail.com
simone.mariaada@libero.it
noahadam405@gmail.com
jodimaldonado823@gmail.com
portalidelturista@gmail.com
shanti.webdevelopmentservic@outlook.com
phongaipy@gmail.com
clickbank.contactus@gmail.com
krtatbeasi@gmail.com
infos.poliziadistato@gmail.com
wabisco05@gmail.com
djarassoba@gmail.com
direzion.polizia05@gmail.com
elisabettazanasi76@gmail.com
elisabetta-zanasi@libero.it
chungzhao2014@gmail.com
ezcertificazioni47@gmail.com
elisabetta-zanasi@libero.it
roodneuyhitupp@gmail.com
hcmavan@gmail.com
tonercartucceshop@gmail.com
hoathuytien173@gmail.com
webmarketing.net15@mail.ru
web.creative99@gmail.com
ngocqui2771990@gmail.com
bubokova@centrum.cz
cugepbisa@gmail.com
tranquocvietda09tt1990@gmail.com
rw6series@gmail.com
guruinfoways90@gmail.com
borba@fastwebnet.it
emark2018@tiscali.it
consultmarche@gmail.com
menicocci.mauxa@gmail.com
fromitalie@gmail.com
pandolwe@gmail.com
satyabanseoconsultant01@gmail.com
huong4s1604@gmail.com
misshuongvippro@gmail.com
davidepetrella.mida@gmail.com
vetrineartigiani@gmail.com
thomasmontag8@gmail.com
chikyujin2019@gmail.com
thuhabinbon@gmail.com
compatibilirigenerati@gmail.com
iltuonuovoeshop@gmail.com
officialnine10@outlook.com
cerfun@aol.com
info654609@gmail.com
tranthihien36k15.2@gmail.com
caybang.cl@gmail.com
jamilyob830@gmail.com
register@db-registry.com
evastasinopoulos@gmail.com
25th.ieee.cscc.com@cs.ntua.gr
2022@ecres.net
3306827669@qq.com
3391594004@qq.com
abigail.rogers@tkxel.software
abigail@ijoaos.com
abigailrossi55@yahoo.it
acc@ngapor.com
adam865210@outlook.com
addilynfrances201@outlook.com
admin@sojampublish.org
agri@magcongress.com
agri@networkwithexpert.com
agriculture@biocorejapan.info
agriculture@magnusgroupllc.com
agriculture@magnusmeetings.com
agrifoodsecurity@networkwithexpert.com
aina03@wcc2020-congress.com
ajer@editormails.com
ajoias@researchpublication.info
alaa.hameed@izu.edu.tr
albert@sjofs.org
alex@icbmeconf.com
alexandertaylor649y@hotmail.com
alxendergustova@gmail.com
amirsyedq@outlook.com
anders@mail4.orchid-bean.com
angelia03@wctbcongress2020.com
anna.papadimitriou@hna.gr
anna.papadimitriou@missouristate.edu
annabella@mail3.october-library.com
announcement@elimianta.club
antonina@mail5.january-bus.com
aparna.ayyar@editage.com
apsac.conference@gmail.com
aravjournals@gmail.com
archishwebmanager@hotmail.com
arfbooks@icloud.com
aripd.arms@gmail.com
aripd.combined@gmail.com
arqcoop@gmail.com
article@ajist.org
article@apjchem.org
artificial_intelligence@oajaiml.onmicrosoft.com
arun@primeknot.com
ashleyrobinson@callfor-papers.com
ashleywalker@callfor-papers.com
ashtonshropshire87@gmail.comi
askerova2002@gmail.comi
atendimento@internet-e-mail.com
atyiodikezir@gmail.com
augustoukr1@gmail.comi
bala@eeccmc.org
banaghe.rdaisuke22@yahoo.com
band.with76@all.bg
beatrice.taulegne@cor.europa.eu
belinda1@wcimmun-2019.com
bennyaerth@gmail.com
bestindex35407@excite.com
bestjournal45@rambler.ru
big.qeretail@gmail.com
bigdata@insightsconferences.com
bigdata@lifescience.events
bigqeretail@gmail.com
bioenergy@networkwithexpert.com
biometrics@onomyresearch.org
bionics@medcraveonline.org
biostatistics@conferencesmail.com
biostatistics@gavinpublishersusa.com
biostatistics@irispublishers.net
biostatistics@irispublishers-nl.net
biostatistics@irisresearch.us
biostats@juniperepublishers.org
biostats@juniperpublisher.org
biostats@juniperpublishers.co
biostats@juniperpublishers.com
biostats@juniperpublishers.org
biostats@juniperpublishers.us
biostats@juniperpublishers-nl.org
biostats@junipersciences.org
biostats@lupinejournals.org
biostats@lupinepublisher.co
biostats@lupinepublishers.com
biostats@lupinepublishers.org
bit7724@bitcongress.cn
bloodsugarformula@beerslam.ru.com
borba@fastwebnet.it
brady@pamath.org
brandonstewart.15@hotmail.com
brinley@mail4.green-watermelon.com
bubokova@centrum.cz
buffchief.revie@daum.net
cageo@elsevier.com
call.for.papers@unizen.co
capitalfinanceloanptyltd@gmail.com
carlimarcello92@gmail.com
casestudies@biomedgrid.org
catherine.b.thome@gmail.com
catherine.b.thome@marketwatch.com
cathy2020@vip.163.com
caybang.cl@gmail.com
cecnet@cecnetconf.org
celiafreed857@gmail.com
cerfun@aol.com
cfhhhpn38@vip.163.com
cfp-spring@2021conf-iiis.org
cfp-spring@2022conf-iiis.org
cfp-spring@2023conf-iiis.org
cfp-spring@mail.iiisconf2019.org
cfp-spring@mail.iiisconf2020.org
cfp-spring@mail2.2022iiisconferences.org
cfp-summer@2022conf-iiis.org
cfp-summer@mail.iiisconference2019.org
cfp-summer@mail1.2022iiisconferences.org
cfp@inait-event.host
cfp@uob.edu.bh
charleskoch@citromail.hu
charmiletrasnews@gmail.com
chaturvedi@healthj.org
chemistrycongress@biocoreitaly.info
cherylford@sciinvitation.com
chiefauthor@computerresearch.org
chikyujin2019@gmail.com
chloe@ijoamtp.com
chungzhao2014@gmail.com
civil777@atacom.com.sa
clairebella39@hotmail.com
clickbank.contactus@gmail.com
compatibilirigenerati@gmail.com
computersci@peerjournal.org
conf@icammce2020.org
conference@icstss.com
conference@istes.org
conference@thesai.org
conference_group@163.com
congress2018c@math.tau.ac.il
consultmarche@gmail.com
contact@donnishjournals.org
contact@icmae.org.in
contact@icrtes.org
contact@ijlera.com
contact@ijmrem.com
contact@intiregzite.click
contact@oakfortressproofreading.com
contact@wcna2021.org
contato21425@sac10.atualacessoria.online
cool96good@freemail.hu
cpi.aijcr@gmail.comg
cpi.ijast@gmail.com
cross@cluehang.sa.com
cscc.conf@gmail.com
csma@akeniz.com
csma@ectaprm.com
csma@etkiler.com
cugepbisa@gmail.com
daisy@mr.icmeie.com
dataanalytics@conferencesmail.com
datamining@coalesceconferences.com
datamining@meettheglobalexpert.com
datascience@coalesceconferences.com
daveonlineservice@outlook.com
davidepetrella.mida@gmail.com
davidsmithff@outlook.comi
delilah@scienceres.org
dent.speed180@all.bg
dhabarsi@gmail.com
dhlexpressdeliveryservices2@gmail.comi
digitalagencyno1@outlook.com
direzion.polizia05@gmail.com
disp.oxford@gmail.com
djarassoba@gmail.com
donate5225@gmail.com
donnatroisiq@outlook.com
dr.bianca@vip.163.com
dr.g.petrakis@gmail.com
dr.g.petrakis@polito.it
dr.leonid.aronov@finviz.com
drdchmoh0001@aol.com
drdchmoh0007@gmail.com
drjohn.k.phili@gmail.com
drjohn.k.phili@inail.it
drpooja020@gmail.com
drugdesigning@biomedicalresearch.net
drugdesigning@scientificresearch.co
eceic@eceic.org.in
ecezzuyoe@tongole.com
edgarwallis@mudlend.sa.com
editor.aripd@gmail.com
editor.ijaims@gmail.com
editor.ijsmbr@cmspublishers.com
editor.ijta@gmail.com
editor.jigc@esciencejournal.com
editor.journal27@gmail.com
editor.sciencedomain99@gmail.com
editor-dmt@universalwiser.co
editor-dmt@universalwiser.com
editor@ajentomology.org
editor@ajere.net
editor@ajmaterials.org
editor@ajwse.org
editor@apjcm.org
editor@articleuk.com
editor@artile-publish.in
editor@astronomyjournal.org
editor@awcnjournal.org
editor@bmbjournal.org
editor@clinicalopenaccess.com
editor@everant.org
editor@healthsciencesresearch.org
editor@ijlera.com
editor@ijmrem.com
editor@ijrerd.com
editor@ijsei.com
editor@ijsspe.org
editor@indusedu.org
editor@journalijar.com
editor@journalofppa.org
editor@journalsarticles.com
editor@journalsforu.com
editor@researchinterests.biz
editor@resoascholarpublishres.biz
editor@reviewmanuscript.biz
editor@sciadventstudyhub.biz
editor@sciencexcel.info
editor@scioascholarjrnlres.biz
editorial@bentham-ebmemberships.com
editorial@ccs-artificial-intell.net
editorial@curentchinesecomputersciencejournal.net
editorial@currentcardiologyreviews.net
editorial@currentchinesecomputerscience.net
editorial@ebook-science.net
editorial@ebookseries-pharmacology.net
editorial@innovationscorrmatsci.net
editorial@micro-rna.net
editorial@office.the-innovation.org
editorial@openartificialintelligencej.net
editorial@openartificialintelligencejournal.net
editorial@openornithologyjournal.net
editorial@proteinpeptlett.net
editorial@wiser-pub.com
editorialboard@ajphyschem.org
editorialboard@animalvetsci.org
editorialboard@clinicalmed.org
editorialboard@educationjournal.net
editorialboard@ijecs.org
edward@mail1.interest-soon.com
elisabetta-zanasi@libero.it
elizabeth@jofmhc.com
ellis@jfoodnutrition.com
email@amegroups.net
emailjournals@thieme.com
emark2018@tiscali.it
emilyhughes.0k@hotmail.com
emma3@awcc2021cancercon.com
emme3@awcc2021cancercon.com
enyadercy88@hotmail.com
events@confsummitseries.biz
events@events.theired.org
events@innovativedelegates.biz
events@riskscience.co.za
evyee@513116.cloudwaysapps.com
ezcertificazioni47@gmail.com
ezra_aripd034@outlook.com
ezvxsopl@clinicadamas.pt
factor.most152@rambler.ru
fairpublish@daum.net
fendi.qymarket@vip.163.com
ficc@saiconference.com
flood@feecoma.sa.com
foodscience@biocorejapan.info
ford@biochembio.org
francesca@grvx.com
fredathens@intelliwave.com
fromitalie@gmail.com
fsdm@fsdmconf.org
fsdmconf2@126.com
ftc@saiconference.com
furqanali241@gmail.com
globalresearchpublications@gmail.com
gong@mr.pmsconf.org
gonyeranitra128@gmail.com
google_eeg_crime@nyao.ovh
guillarmo.posthac@gmail.com
guruinfoways90@gmail.com
hadley@chemicaleng.org
haylie1affiweb@outlook.com
hcmavan@gmail.com
hearingaids@clinicalmedicaljournals.com
helene@mail1.thursday-supermarket.com
hello@info.researcher.life
helmut@sjofbio.org
henrypeterson6644@gmail.com
herrickbutch5600@gmail.com
hhfuk9@gmail.com
highqualityarticles@mmctse.org
himanshuagrawal1234ha@outlook.com
hoathuytien173@gmail.com
hodca@meu.edu.in
hodges@acmjournal.org
hpns@nyao.ovh
hukamsharma2654@gmail.com
huong4s1604@gmail.com
iaaset@email.ia-ast.org
iain@sjofee.org
icaber2016@gmail.com
icaber2018@gmail.com
icapms2021@sina.com
iccairo2019@protonmail.com
iccsie@email.ia-ast.org
iccsieconf@163.com
icebm2017@gmail.com
icebss2021@gmail.com
iceet2022@gmail.com
iceet@projenia.net
icens0606@gmail.com
icmcsa2018@gmail.com
icmece@ecerg.com
icmece@ecres.net
icmms2018@gmail.com
icmms2021@gmail.com
icntet@icntet.org
icpem@icpem.cn
ieee.proceedings@cscc.co
iiict2018@uob.edu.bh
ijaem.ad@gmail.com
ijdoh@biocoregroup.info
ijdoh@biocoreopen.info
ijeb2009@gmail.com
ijeb2011@gmail.com
ijecer.org@gmail.com
ijei@editormails.com
ijera.ad@gmail.com
ijerd02@rediffmail.com
ijerd@editormails.com
ijesi@invmails.com
ijhssi@invmails.com
ijhssmpaper.ad@gmail.com
ijmer@submitmails.com
ijmret.asia1@gmail.com
ijmsi7@rediffmail.com
ijnme@biocoregroup.info
ijpera@editorboard.com
ijres04@rediffmail.com
ijres@editormails.com
ijsp@ccsenet.org
ijta2017@gmail.com
ijta2018@gmail.com
ijta2022@gmail.com
iltuonuovoeshop@gmail.com
impacthead.impa@daum.net
ina663@mail1.cherish-cook.com
inase.e-conferences@inase.org
inase.editorial@gmail.com
inase.editorial@univ-lille1.fr
inase.events@gmx.com
indigenousconferences@iinet.net.au
indusjournal@indusedu.org
indusjournals@indusedu.org
info.afmj@ijahm.net
info.rajar@ijahm.net
info.web.nic145@gmail.com
info.wjrr@gmail.com
info654609@gmail.com
info@changebrokers.pt
info@conf-support.org
info@cscc.co
info@cutrow.sa.com
info@drugdisc-conf.net
info@drugdiscoveryconference.net
info@ecres.net
info@editorial-benthamsci.com
info@editorial-peer-review.net
info@electicbuzz.com
info@emailprada.com
info@engw.org
info@events-science.info
info@fsdm2018.org
info@iceccme.com
info@icecet.com
info@icens.eu
info@ictcs.in
info@ieee.am
info@ijeert.com
info@interbit-research.com
info@international-event-experts.net
info@jamesspokes.click
info@jet.nexonjet.com
info@machinelearningconf.org
info@max-mundo.com
info@mc.pmsconf.org
info@mcropenaccess.live
info@mcsi-conf.org
info@operatech.website
info@praiseworthyprize.org
info@sci-events.org
info@science-conference.com
info@science-event.com
info@thebudgetmarketing.com
info@theijbmt.com
info@webz.webhoxton.com
info@wseas.org
information@pubresearch.co
informationramr@supportijramr.co
informationsociety@cambridge-energy.org
infos.poliziadistato@gmail.com
intellisys@saiconference.com
internationalsciencespress@gmail.com
invention001@rediffmail.com
invitation@confcfp.org
ioannis.f.makariou@mcsi-conf.org
iph201701@outlook.com
isaifulbd728@gmail.com
ishaanams201701@outlook.com
ishaanmas201701@outlook.com
ispindia.journals@gmail.com
issue@easjournal.net
issue@ijhep.org
issue@jbed.org
issue@mlrjournal.org
issue@modenergy.org
itise_cfp@itise.org
jaist@scimedresearchmail.biz
jamc@cutablw.com
jamc@iitast.com
james.baker@avogtal-usa.online
jamilyob830@gmail.com
janavery908zm@hotmail.com
janeanharold@gmail.com
jared@ebizio.com
jason.herrick6341@gmail.com
jcc@elpfuly.com
jcc@gnifica.com
jcc@kindlc.com
jcc@narrayo.com
jcc@rrifie.com
jcsr@bilpublishing.com
jeanwang@sjoams.com
jmsa@sajcfp.info
jmsa@sciadvent.online
jnhs.paper02@rediffmail.com
joanacferreira.98@gmail.com
jocelyn.h@ijefms.org
jodimaldonado823@gmail.com
joespeters@gmail.com
josediogopereira@outlook.pt
journal@jmodernchemistry.org
journal@opticsphotonics.org
journaldata019@rediffmail.com
journalijcar2014@gmail.com
journalijcarcallforpaper@gmail.com
journals.editor@daum.net
journals@mandsauruniversity.edu.in
jprsseditor@scitecresearch.com
judy06@cmcb2020.com
julia@mail.pmsconf.org
kartikwebmanager@outlook.com
kate@plantj.org
kendzkiecanares8391@gmail.comi
kennedyggreen@outlook.comi
kevindavisk02@gmail.com
khloe@applscires.com
kostas.chiotopoulos@gmail.com
kostas.chiotopoulos@med.uoa.gr
krtatbeasi@gmail.com
kurtisonlineservice@outlook.com
leads.ecreditminer.com
lee@info.shiyuanchuban.net
lena111111111@inbox.ru
lenae.williams@callfor-articles.com
li.qiang69@mail2.ivory-pomelo.com
liam1122james@outlook.com
libby@livenode.sa.com
lily654smith@hotmail.com
lilyy5@cancercon-2023meeting.com
lisa55bely@hotmail.com
lixodeploravel@hotmail.com
lorelei@mail4.april-office.com
luciano.simoni2@mail.ing.unibo.it
lucyb1@pepcon-congress2021.com
lucybb4@pepcon-congress2021.com
ma.naidu@mipmandsaur.org
machinelearning@averevents.org
macise2020@outlook.com
mailer@conferencesengage.org
mailer@conferencesmail.com
mandy14@gastrointestinalconference2019.com
mandy@bitcongress.com
mandya@biosummit2023.com
manishakumari90362@gmail.com
manpreetkohli97@outlook.com
manuscript@englishpublishers.ml
manuscript_invitation@haroldbromwich.co.cc
manuscript_invitation@opentransfer.co.cc
margot12glover@hotmail.com
maria.managing.editor@gmail.com
marketing@acieu.net
marketing@fordemand.com
marketing@leadstree.org
marketing@superclean.pt
mary10_shelley@yahoo.com
mastorakis4567@gmail.com
materialsscience@czechiacongress.com
mazamaesoawi@gmail.com
mbe1@aimspress2.com
mcsi.conf@gmail.com
mechanicalandaerospace@eursciconevent.com
medicalsciences@lupinejournals.co
meeting@isdsa.org
member@clinicalmed.org
menicocci.mauxa@gmail.com
mentemestra.pt@gmail.com
michealpeterss101@gmail.com
michellesnow@callfor-papers.com
minaltools@yahoo.co.in
misshuongvippro@gmail.com
mitropoulos@clinicalmedicinej.org
miya@iccesconf.org
mmctse.conf@gmail.com
mmctse.2019conf@mail.com
mmohammadaljllilati@gmail.com
mmtcse@outlook.com
mnbghcx@vip.163.com
mobileappsservices4871@aol.com
mohana@rieece.org
montgomerygordon86@gmail.com
ms.editor@horizon-publishing.org
mvicky01@wcc2021-congress.com
nadyacolumbus@novapublishers.com
nanotechnology@czechiacongress.com
nar7@aimspress7.com
natural@livenode.sa.com
news@sci.city
newsletter@kasuar.pt
newsletter@magnusevents.biz
newslettre@mryntoniafairly.com
ngocqui2771990@gmail.com
nguyenvanke2757@gmail.com
nidhi.kumari@outlook.in
niki01@awcc-2023cancercon.com
niki04@wcc2021-meeting.com
nikulonlineservice@outlook.com
nirmala.rathi2001@outlook.com
no-reply@springjournals.tk
noahadam405@gmail.com
noreply@bankmitrabcapply.in
noreply@conf-support.org
noreply@digitalmarketingcareers.org
noreply@diwaligifts05.online
noreply@growdigitalcamp.com
noreply@hostbycenter.com
noreply@hostinggraph.com
noreply@mailzbox.com
noreply@point4web.com
noreply@productvideoat99.online
noreply@webhoxton.com
nursing@scientificresearch.co
oabb@crimsonpublishers.net
oalib@jkofw.org
office93publish@excite.com
office@kelsiehansonmail.com
office@techniumscience.org
officialnine10@outlook.com
ogilvie@mail1.indigo-loquat.com
onlinemarketingonsultant1@hotmail.com
onlinewritingjobs@divewild.ru.com
onlinewritingjobs@lambcase.sa.com
oscarfields9@hotmail.com
oxford@sci.scientific-direct.net
padraigin@mail5.december-bar.com
pandolwe@gmail.com
paper.publish03@rediffmail.com
paper@ajpsy.org
paper@ijphmchem.org
paper@ijsdr.net
paperchief@yeah.net
papercool12@rediffmail.com
papers@ijbse.org
papers@iscconference.org
paperssub@oldacademic.org
papersubmit@publicationresearch.com
papersubmit@researchpublications.co
peppi@mail2.purple-grape.com
phr3@rediffmail.com
pidleteychukn85@gmail.com
plant-biology@magnusscigroup.com
plant@magnusgroupevents.com
plantbiology-2019@magnus-group.org
plantbiology@magnusmeets.com
plantscience@auroraconferences.org
plantscience@irisscientificgroup.org
plantscience@magnus-group.org
plantscience@scietechinternational.biz
pms@a-scie.org
portalidelturista@gmail.com
postmaster@reco.aminer.org
prcv2018@hotmail.com
proofreadforme@editsyndicate.com
prostate911@holdrare.ru.com
prostate911@takelive.sa.com
proteomicsasia@scientificmeet.com
publish_pubs96@excite.com
q@aff3.online
qualidefender2020@gmail.com
r.cazac@lap-publishing.com
r.mijanurr@yahoo.com
raghvendrasolutionservice@hotmail.com
rajar@rajournals.in
rajesh@auction.io
rassiindex@rambler.ru
rena.nik.politi@hotmail.com
renidimirova@yandex.com
reply@ephjournal.com
research-articles@juniperpublishers.org
research@jyotiacademic.net
review@am.aiipcc.org
richrey4567@gmail.com
rifle@exittie.ru.com
robert.johnson6352@gmail.com
robertlee@oatjournals.com
robotics@irissciences.org
robotics@lupinepublishers.us
roboticsautomation@eursciconevent.com
rw6series@gmail.com
sales@havensy-hhw.com
sally@camedia.us
sandy@mail1.among-scientists.com
sanjeev.co123@aol.com
saqibaliraza001@gmail.com
satyabanseoconsultant01@gmail.com
scml@icscml.org
sdgsummit@conference-csd.org
seanmaxit@outlook.com
secretar@cmsim.de
secretar@cmsim1.org
secretariat@cmsim.de
secretariat@icmsquare.net
secretariat@weecnetwork.org
selected-conferences-2020@simplywall.st
sendarticles@puvresjou.org
sendblaster@fordemand.ntz.pt
sendpapers@journalresearch.org
sequencing@molecularbiologyjournals.com
serasa@novidades.serasa.com.br
servem@yahoo.com.br
service@ajmcs.org
service@ijcmr.org
service@mail.ia-ast.cn
service@oa-journals.com
service@openaccessj.com
servus_ceviri_5254@outlook.com
shaneela.khowaja@rjguzman.xeetsea.cn
sictooom@sina.com
siege@painreal.ru.com
simon@ijoass.com
skbxz3540@email.cn
solaristercume@aol.com
soliman@unicompass.org
sophiea2@cancer-meeting.com
sophiea4@cancer-meeting2022.com
spaceman@manalichemicals.cam
spoil@painreal.ru.com
ssa30@cspid.org
stephanie.qeretail@gmail.com
stevesmith.phd@hotmail.com
stmjournals@stmjournals.info
subdata53@rediffmail.com
submission@ijarem.org
submission@ijlemr.com
submission@japjournals.co
submission@jhealthresearch.org
submission@jmodernchemistry.org
submission@journaloflanguage.org
submission@scientificadvancesjournals.org
submission@sciepub.com
submissions@scholarjrnlinsight.biz
submissions@scholaropenpub.biz
submissions@scimedopenaccess.biz
submissions@sciresmedmailres.biz
submit.ijceronline@rediffmail.com
submit@2nd-cciis.org
submit@ajenv.org
submit@bsijournal.org
submit@epe-conf.org
submit@scientificadvances.in
submit@sciepub.com
submitpaper@fictiveinfo.com
submitted@interpublication.org
support@hardold.sa.com
support@highchin.sa.com
support@icict.co.uk
support@ict4sd.org
support@ijlrem.org
support@ijlret.com
support@ijrerd.com
support@inase.org
support@iosrjournals.info
support@iosrmails.org
support@ledgenshave.click
support@mails.erectgist.co
support@takelive.sa.com
support@worlds4.co.uk
support@wseas.org
susanjones77u@gmail.com
szyansen@gmail.com
tade10@icc2023lisbon.com
tade10@wcc2023-conference.com
tallaialphans@outlook.com
tanawan@kpinnovation.com
theijes.paper008@rediffmail.com
theijes.paper111@rediffmail.com
theijes@submitmails.com
thomasmontag8@gmail.com
thomaswilliams2334@gmail.com
through6year@net.hr
thuhabinbon@gmail.com
thura2929@googlemail.com
thuylien7982@gmail.com
tonercartucceshop@gmail.com
train@airpass.sa.com
train@exittie.ru.com
tranquocvietda09tt1990@gmail.com
tranthihien36k15.2@gmail.com
trilby@mail4.season-airport.com
two-icamcs@mail.com
ultimatestres002@all.bg
ultistik@filamentone.com
vaccines@magnus-conferences.net
vaccines@magnusevents.biz
vaccines@magnusgroupllc.com
vaccines@mgconferences.net
vaccines@sci-meetings.com
vetrineartigiani@gmail.com
vicky5@cancer-meeting2021.com
vicky13@wcc2021-conference.com
vicky22@wcc2021-meeting.com
vicky-wcc@eventcomittee.com
vidhipal@publishijoest.com
vijay.arjindia@gmail.com
vijayjha130@icloud.com
vijaykumarjha1977@gmail.com
vijaykumarjha2014@gmail.com
vijaykumarjha2017@gmail.com
vijaykumarjha2018@gmail.com
vijaykumarjha2019@gmail.com
vijaykumarjha2020@gmail.com
vip@vip.hendersun.com
vladislavvladimir02@gmail.com
wabisco05@gmail.com
wang@icssh.net
wcbddmcc2020@conferencesera.com
web.creative99@gmail.com
webappsdesingn.53@yahoo.com
webmarketing.net15@mail.ru
weecnetwork@gmail.co
weeklyreview@iknowfirst-ai.com
williams@jphysics.org
wine2help@gmail.com
wireless@meettheglobalexpert.com
wolfe@ijmedimag.org
wolfigustur7@outlook.com
worldwidedhldeliverycompany6@gmail.comi
wsconf5@163.com
wseas.transactions@gmail.com
wseas-team@wseas.org
www-data@ig.com.br
wwworabankcomr@gmail.com
xpertgreat.jour@daum.net
xrhnhd@sina.com
xuguangqi89@gmail.com
yang@mr.csaeconf.org
yinyu@tijomega.com
youreinvited@herpagreenn.cloud
zoe.michel@alphabank.gr
zoe.michel@revolut.com
zoe.michel@zohocorp.com
